{
  "filters_used": [
    {
      "path": "detect_secrets.filters.allowlist.is_line_allowlisted"
    },
    {
      "filename": ".secrets.baseline",
      "path": "detect_secrets.filters.common.is_baseline_file"
    },
    {
      "min_level": 2,
      "path": "detect_secrets.filters.common.is_ignored_due_to_verification_policies"
    },
    {
      "path": "detect_secrets.filters.heuristic.is_indirect_reference"
    },
    {
      "path": "detect_secrets.filters.heuristic.is_likely_id_string"
    },
    {
      "path": "detect_secrets.filters.heuristic.is_lock_file"
    },
    {
      "path": "detect_secrets.filters.heuristic.is_not_alphanumeric_string"
    },
    {
      "path": "detect_secrets.filters.heuristic.is_potential_uuid"
    },
    {
      "path": "detect_secrets.filters.heuristic.is_prefixed_with_dollar_sign"
    },
    {
      "path": "detect_secrets.filters.heuristic.is_sequential_string"
    },
    {
      "path": "detect_secrets.filters.heuristic.is_swagger_file"
    },
    {
      "path": "detect_secrets.filters.heuristic.is_templated_secret"
    },
    {
      "path": "detect_secrets.filters.regex.should_exclude_file",
      "pattern": [
        "(\\.example|\\.md|.*raw_output\\.txt)$"
      ]
    },
    {
      "path": "detect_secrets.filters.regex.should_exclude_line",
      "pattern": [
        "^(from|import)\\s"
      ]
    }
  ],
  "generated_at": "2026-09-12T14:40:02Z",
  "plugins_used": [
    {
      "name": "ArtifactoryDetector"
    },
    {
      "name": "AWSKeyDetector"
    },
    {
      "name": "AzureStorageKeyDetector"
    },
    {
      "limit": 4.5,
      "name": "Base64HighEntropyString"
    },
    {
      "name": "BasicAuthDetector"
    },
    {
      "name": "CloudantDetector"
    },
    {
      "name": "DiscordBotTokenDetector"
    },
    {
      "name": "GitHubTokenDetector"
    },
    {
      "name": "GitLabTokenDetector"
    },
    {
      "limit": 3.0,
      "name": "HexHighEntropyString"
    },
    {
      "name": "IbmCloudIamDetector"
    },
    {
      "name": "IbmCosHmacDetector"
    },
    {
      "name": "IPPublicDetector"
    },
    {
      "name": "JwtTokenDetector"
    },
    {
      "keyword_exclude": "",
      "name": "KeywordDetector"
    },
    {
      "name": "MailchimpDetector"
    },
    {
      "name": "NpmDetector"
    },
    {
      "name": "OpenAIDetector"
    },
    {
      "name": "PrivateKeyDetector"
    },
    {
      "name": "PypiTokenDetector"
    },
    {
      "name": "SendGridDetector"
    },
    {
      "name": "SlackDetector"
    },
    {
      "name": "SoftlayerDetector"
    },
    {
      "name": "SquareOAuthDetector"
    },
    {
      "name": "StripeDetector"
    },
    {
      "name": "TelegramBotTokenDetector"
    },
    {
      "name": "TwilioKeyDetector"
    }
  ],
  "results": {
    "configs/ksc/packages.json": [
      {
        "filename": "configs/ksc/packages.json",
        "hashed_secret": "3147b8239876c2ad9997a1f7d861bf3bcc9b90ab",
        "is_verified": false,
        "line_number": 19,
        "type": "Hex High Entropy String"
      },
      {
        "filename": "configs/ksc/packages.json",
        "hashed_secret": "a3c58366ed632465f482392f280e1fb1d4706e8f",
        "is_verified": false,
        "line_number": 30,
        "type": "Hex High Entropy String"
      },
      {
        "filename": "configs/ksc/packages.json",
        "hashed_secret": "9d9c70c14033e8841816dd95705ce99ac82654ec",
        "is_verified": false,
        "line_number": 41,
        "type": "Hex High Entropy String"
      },
      {
        "filename": "configs/ksc/packages.json",
        "hashed_secret": "6e542a38d552f5bc580a17d81532a2620b8d8359",
        "is_verified": false,
        "line_number": 63,
        "type": "Hex High Entropy String"
      },
      {
        "filename": "configs/ksc/packages.json",
        "hashed_secret": "26254d249bc0090a69194a70fa8677d4522fa171",
        "is_verified": false,
        "line_number": 74,
        "type": "Hex High Entropy String"
      },
      {
        "filename": "configs/ksc/packages.json",
        "hashed_secret": "fb494197a63cd628d815fc46857b0f2f8ebb3106",
        "is_verified": false,
        "line_number": 85,
        "type": "Hex High Entropy String"
      },
      {
        "filename": "configs/ksc/packages.json",
        "hashed_secret": "e2b1fccba64654f7726ecc32c41d38d2e48358d3",
        "is_verified": false,
        "line_number": 96,
        "type": "Hex High Entropy String"
      },
      {
        "filename": "configs/ksc/packages.json",
        "hashed_secret": "f0c9e5da33438d616b68af2d10b94d3882627e7a",
        "is_verified": false,
        "line_number": 107,
        "type": "Hex High Entropy String"
      },
      {
        "filename": "configs/ksc/packages.json",
        "hashed_secret": "8a59f9475ce09b91d1284259aa47b5e38b82ea73",
        "is_verified": false,
        "line_number": 118,
        "type": "Hex High Entropy String"
      },
      {
        "filename": "configs/ksc/packages.json",
        "hashed_secret": "5615635c5c07f9d18855fbddb4f550e6f7c64742",
        "is_verified": false,
        "line_number": 129,
        "type": "Hex High Entropy String"
      },
      {
        "filename": "configs/ksc/packages.json",
        "hashed_secret": "8c738914652e8f3f44772b8dddd5890f4784f595",
        "is_verified": false,
        "line_number": 151,
        "type": "Hex High Entropy String"
      },
      {
        "filename": "configs/ksc/packages.json",
        "hashed_secret": "defad5ee55feae01a16b6da05be1539aac437a96",
        "is_verified": false,
        "line_number": 162,
        "type": "Hex High Entropy String"
      },
      {
        "filename": "configs/ksc/packages.json",
        "hashed_secret": "b2b6e4a091e6086aaa22e8cb77a806cdf4ad310d",
        "is_verified": false,
        "line_number": 173,
        "type": "Hex High Entropy String"
      },
      {
        "filename": "configs/ksc/packages.json",
        "hashed_secret": "78513ac024ac49fcf40fa158b2e5d7de11c7489e",
        "is_verified": false,
        "line_number": 184,
        "type": "Hex High Entropy String"
      },
      {
        "filename": "configs/ksc/packages.json",
        "hashed_secret": "51a4d4dc814ceb4a9ab803b61b737ebf1aae4a3b",
        "is_verified": false,
        "line_number": 195,
        "type": "Hex High Entropy String"
      },
      {
        "filename": "configs/ksc/packages.json",
        "hashed_secret": "b460ce1a3e52b9b55f061b286caf29daa89c7806",
        "is_verified": false,
        "line_number": 206,
        "type": "Hex High Entropy String"
      }
    ],
    "tests/ops/purge_iam_mfa_test.py": [
      {
        "filename": "tests/ops/purge_iam_mfa_test.py",
        "hashed_secret": "a2899c0a96c55a8741c099d6f54c76a35ca106b6",
        "is_verified": false,
        "line_number": 13,
        "type": "Secret Keyword"
      },
      {
        "filename": "tests/ops/purge_iam_mfa_test.py",
        "hashed_secret": "bc0916f60103fba755972a7e10e4fcfdb61aae63",
        "is_verified": false,
        "line_number": 14,
        "type": "Secret Keyword"
      }
    ],
    "tests/ops/reset_ksc_databases_test.py": [
      {
        "filename": "tests/ops/reset_ksc_databases_test.py",
        "hashed_secret": "a2899c0a96c55a8741c099d6f54c76a35ca106b6",
        "is_verified": false,
        "line_number": 12,
        "type": "Secret Keyword"
      },
      {
        "filename": "tests/ops/reset_ksc_databases_test.py",
        "hashed_secret": "bc0916f60103fba755972a7e10e4fcfdb61aae63",
        "is_verified": false,
        "line_number": 14,
        "type": "Secret Keyword"
      }
    ],
    "tests/test_env_to_ansible.py": [
      {
        "filename": "tests/test_env_to_ansible.py",
        "hashed_secret": "e5e9fa1ba31ecd1ae84f75caaa474f3a663f05f4",
        "is_verified": false,
        "line_number": 40,
        "type": "Secret Keyword"
      }
    ],
    "tests/test_packages.py": [
      {
        "filename": "tests/test_packages.py",
        "hashed_secret": "829c3804401b0727f70f73d4415e162400cbe57b",
        "is_verified": false,
        "line_number": 253,
        "type": "Secret Keyword"
      }
    ]
  },
  "version": "1.5.0"
}