[INFO] {"event": "setup_apply_start", "timestamp": "2026-09-12T23:09:25.085301Z"}
[INFO] Desabilitando SELinux (permissive) temporariamente para a instalação do KSC.
[INFO] SELinux alterado para modo: 0
[INFO] Verificando/instalando pré-requisitos do SO...
[INFO] Executando: dnf install -y tar curl wget perl libidn2 policycoreutils-python-utils
[INFO] Last metadata expiration check: 0:41:43 ago on Sat 12 Sep 2026 10:27:42 PM UTC.
[INFO] Package tar-2:1.34-11.el9.x86_64 is already installed.
[INFO] Package curl-7.76.1-40.el9.x86_64 is already installed.
[INFO] Package libidn2-2.3.0-7.el9.x86_64 is already installed.
[INFO] Package policycoreutils-python-utils-3.6-5.el9.noarch is already installed.
[INFO] Dependencies resolved.
[INFO] ================================================================================
[INFO]  Package                       Arch    Version                 Repository  Size
[INFO] ================================================================================
[INFO] Installing:
[INFO]  perl                          x86_64  4:5.32.1-483.el9        appstream   11 k
[INFO]  wget                          x86_64  1.21.1-11.el9_8         appstream  767 k
[INFO] Upgrading:
[INFO]  curl                          x86_64  7.76.1-40.el9_8.5       baseos     293 k
[INFO]  libcurl                       x86_64  7.76.1-40.el9_8.5       baseos     284 k
[INFO]  tar                           x86_64  2:1.34-13.el9_8         baseos     879 k
[INFO] Installing dependencies:
[INFO]  annobin                       x86_64  12.98-2.el9             appstream  1.1 M
[INFO]  cpp                           x86_64  11.5.0-14.el9           appstream   11 M
[INFO]  dwz                           x86_64  0.16-1.el9              appstream  133 k
[INFO]  efi-srpm-macros               noarch  6-4.el9                 appstream   21 k
[INFO]  fonts-srpm-macros             noarch  1:2.0.5-7.el9.1         appstream   27 k
[INFO]  gcc                           x86_64  11.5.0-14.el9           appstream   32 M
[INFO]  gcc-c++                       x86_64  11.5.0-14.el9           appstream   13 M
[INFO]  gcc-plugin-annobin            x86_64  11.5.0-14.el9           appstream   37 k
[INFO]  ghc-srpm-macros               noarch  1.5.0-6.el9             appstream  7.8 k
[INFO]  glibc-devel                   x86_64  2.34-266.el9_8          appstream   37 k
[INFO]  glibc-headers                 x86_64  2.34-266.el9_8          appstream  443 k
[INFO]  go-srpm-macros                noarch  3.8.1-1.el9             appstream   27 k
[INFO]  kernel-headers                x86_64  5.14.0-687.46.1.el9_8   appstream  2.6 M
[INFO]  kernel-srpm-macros            noarch  1.0-14.el9              appstream   14 k
[INFO]  libdatrie                     x86_64  0.2.13-4.el9            appstream   32 k
[INFO]  libmpc                        x86_64  1.2.1-4.el9             appstream   61 k
[INFO]  libpkgconf                    x86_64  1.7.3-10.el9            baseos      35 k
[INFO]  libstdc++-devel               x86_64  11.5.0-14.el9           appstream  2.2 M
[INFO]  libthai                       x86_64  0.1.28-8.el9            appstream  208 k
[INFO]  libxcrypt-devel               x86_64  4.4.18-3.el9            appstream   28 k
[INFO]  llvm-filesystem               x86_64  21.1.8-2.el9            appstream   14 k
[INFO]  llvm-libs                     x86_64  21.1.8-2.el9            appstream   31 M
[INFO]  lua-srpm-macros               noarch  1-6.el9                 appstream  8.5 k
[INFO]  make                          x86_64  1:4.3-8.el9             baseos     529 k
[INFO]  ocaml-srpm-macros             noarch  6-6.el9                 appstream  7.8 k
[INFO]  openblas-srpm-macros          noarch  2-11.el9                appstream  7.3 k
[INFO]  perl-Algorithm-Diff           noarch  1.2010-4.el9.0.1        appstream   47 k
[INFO]  perl-Archive-Tar              noarch  2.38-6.el9_8.2          appstream   71 k
[INFO]  perl-Archive-Zip              noarch  1.68-6.el9              appstream  106 k
[INFO]  perl-Attribute-Handlers       noarch  1.01-483.el9            appstream   26 k
[INFO]  perl-AutoSplit                noarch  5.74-483.el9            appstream   20 k
[INFO]  perl-Benchmark                noarch  1.23-483.el9            appstream   25 k
[INFO]  perl-CPAN                     noarch  2.29-5.el9_6            appstream  556 k
[INFO]  perl-CPAN-Meta                noarch  2.150010-460.el9.0.1    appstream  202 k
[INFO]  perl-CPAN-Meta-Requirements   noarch  2.140-461.el9.0.1       appstream   31 k
[INFO]  perl-CPAN-Meta-YAML           noarch  0.018-461.el9           appstream   26 k
[INFO]  perl-Compress-Bzip2           x86_64  2.28-5.el9              appstream   69 k
[INFO]  perl-Compress-Raw-Bzip2       x86_64  2.101-5.el9             appstream   34 k
[INFO]  perl-Compress-Raw-Lzma        x86_64  2.101-3.el9             appstream   50 k
[INFO]  perl-Compress-Raw-Zlib        x86_64  2.101-5.el9             appstream   60 k
[INFO]  perl-Config-Extensions        noarch  0.03-483.el9            appstream   11 k
[INFO]  perl-Config-Perl-V            noarch  0.33-4.el9              appstream   21 k
[INFO]  perl-DBM_Filter               noarch  0.06-483.el9            appstream   30 k
[INFO]  perl-DB_File                  x86_64  1.855-4.el9             appstream   81 k
[INFO]  perl-Data-OptList             noarch  0.110-17.el9.0.1        appstream   26 k
[INFO]  perl-Data-Section             noarch  0.200007-14.el9.0.1     appstream   25 k
[INFO]  perl-Devel-PPPort             x86_64  3.62-4.el9              appstream  211 k
[INFO]  perl-Devel-Peek               x86_64  1.28-483.el9            appstream   31 k
[INFO]  perl-Devel-SelfStubber        noarch  1.06-483.el9            appstream   13 k
[INFO]  perl-Devel-Size               x86_64  0.83-10.el9             appstream   31 k
[INFO]  perl-Digest-SHA               x86_64  1:6.02-461.el9          appstream   61 k
[INFO]  perl-Digest-SHA1              x86_64  2.13-34.el9             appstream   52 k
[INFO]  perl-DirHandle                noarch  1.05-483.el9            appstream   11 k
[INFO]  perl-Dumpvalue                noarch  2.27-483.el9            appstream   17 k
[INFO]  perl-Encode-devel             x86_64  4:3.08-462.el9          appstream   41 k
[INFO]  perl-English                  noarch  1.11-483.el9            appstream   12 k
[INFO]  perl-Env                      noarch  1.04-460.el9.0.1        appstream   19 k
[INFO]  perl-ExtUtils-CBuilder        noarch  1:0.280236-5.el9        appstream   45 k
[INFO]  perl-ExtUtils-Command         noarch  2:7.60-3.el9.0.1        appstream   14 k
[INFO]  perl-ExtUtils-Constant        noarch  0.25-483.el9            appstream   45 k
[INFO]  perl-ExtUtils-Embed           noarch  1.35-483.el9            appstream   16 k
[INFO]  perl-ExtUtils-Install         noarch  2.20-4.el9.0.1          appstream   44 k
[INFO]  perl-ExtUtils-MM-Utils        noarch  2:7.60-3.el9.0.1        appstream   12 k
[INFO]  perl-ExtUtils-MakeMaker       noarch  2:7.60-3.el9.0.1        appstream  303 k
[INFO]  perl-ExtUtils-Manifest        noarch  1:1.73-4.el9.0.1        appstream   34 k
[INFO]  perl-ExtUtils-Miniperl        noarch  1.09-483.el9            appstream   14 k
[INFO]  perl-ExtUtils-ParseXS         noarch  1:3.40-460.el9          appstream  182 k
[INFO]  perl-File-Compare             noarch  1.100.600-483.el9       appstream   12 k
[INFO]  perl-File-Copy                noarch  2.34-483.el9            appstream   19 k
[INFO]  perl-File-DosGlob             x86_64  1.12-483.el9            appstream   18 k
[INFO]  perl-File-Fetch               noarch  1.00-4.el9              appstream   30 k
[INFO]  perl-File-Find                noarch  1.37-483.el9            appstream   24 k
[INFO]  perl-File-HomeDir             noarch  1.006-4.el9             appstream   57 k
[INFO]  perl-File-Which               noarch  1.23-10.el9             appstream   21 k
[INFO]  perl-FileCache                noarch  1.10-483.el9            appstream   13 k
[INFO]  perl-Filter                   x86_64  2:1.60-4.el9            appstream   81 k
[INFO]  perl-Filter-Simple            noarch  0.96-460.el9            appstream   27 k
[INFO]  perl-FindBin                  noarch  1.51-483.el9            appstream   13 k
[INFO]  perl-GDBM_File                x86_64  1.18-483.el9            appstream   21 k
[INFO]  perl-Hash-Util                x86_64  0.23-483.el9            appstream   33 k
[INFO]  perl-Hash-Util-FieldHash      x86_64  1.20-483.el9            appstream   36 k
[INFO]  perl-I18N-Collate             noarch  1.02-483.el9            appstream   13 k
[INFO]  perl-I18N-LangTags            noarch  0.44-483.el9            appstream   53 k
[INFO]  perl-I18N-Langinfo            x86_64  0.19-483.el9            appstream   21 k
[INFO]  perl-IO-Compress              noarch  2.102-4.el9_8.1         appstream  254 k
[INFO]  perl-IO-Compress-Lzma         noarch  2.101-4.el9.0.1         appstream   80 k
[INFO]  perl-IO-Zlib                  noarch  1:1.11-4.el9.0.1        appstream   19 k
[INFO]  perl-IPC-Cmd                  noarch  2:1.04-461.el9          appstream   39 k
[INFO]  perl-IPC-SysV                 x86_64  2.09-4.el9              appstream   42 k
[INFO]  perl-IPC-System-Simple        noarch  1.30-6.el9              appstream   40 k
[INFO]  perl-Importer                 noarch  0.026-4.el9             appstream   39 k
[INFO]  perl-JSON-PP                  noarch  1:4.06-4.el9            appstream   65 k
[INFO]  perl-Locale-Maketext          noarch  1.29-461.el9            appstream   94 k
[INFO]  perl-Locale-Maketext-Simple   noarch  1:0.21-483.el9          appstream   16 k
[INFO]  perl-MIME-Charset             noarch  1.012.2-15.el9.0.1      appstream   48 k
[INFO]  perl-MRO-Compat               noarch  0.13-15.el9.0.1         appstream   19 k
[INFO]  perl-Math-BigInt              noarch  1:1.9998.18-460.el9     appstream  188 k
[INFO]  perl-Math-BigInt-FastCalc     x86_64  0.500.900-460.el9       appstream   27 k
[INFO]  perl-Math-BigRat              noarch  0.2614-460.el9          appstream   38 k
[INFO]  perl-Math-Complex             noarch  1.59-483.el9            appstream   45 k
[INFO]  perl-Memoize                  noarch  1.03-483.el9            appstream   55 k
[INFO]  perl-Module-Build             noarch  2:0.42.31-9.el9         appstream  255 k
[INFO]  perl-Module-CoreList          noarch  1:5.20240609-1.el9      appstream   87 k
[INFO]  perl-Module-CoreList-tools    noarch  1:5.20240609-1.el9      appstream   16 k
[INFO]  perl-Module-Load              noarch  1:0.36-4.el9            appstream   17 k
[INFO]  perl-Module-Load-Conditional  noarch  0.74-4.el9.0.1          appstream   22 k
[INFO]  perl-Module-Loaded            noarch  1:0.08-483.el9          appstream   12 k
[INFO]  perl-Module-Metadata          noarch  1.000037-460.el9        appstream   35 k
[INFO]  perl-Module-Signature         noarch  0.88-1.el9.0.1          appstream   83 k
[INFO]  perl-NEXT                     noarch  0.67-483.el9            appstream   20 k
[INFO]  perl-Net                      noarch  1.02-483.el9            appstream   24 k
[INFO]  perl-Net-Ping                 noarch  2.74-5.el9.0.1          appstream   49 k
[INFO]  perl-ODBM_File                x86_64  1.16-483.el9            appstream   21 k
[INFO]  perl-Object-HashBase          noarch  0.009-7.el9             appstream   25 k
[INFO]  perl-Opcode                   x86_64  1.48-483.el9            appstream   35 k
[INFO]  perl-Package-Generator        noarch  1.106-23.el9            appstream   23 k
[INFO]  perl-Params-Check             noarch  1:0.38-461.el9.0.1      appstream   22 k
[INFO]  perl-Params-Util              x86_64  1.102-5.el9             appstream   33 k
[INFO]  perl-Perl-OSType              noarch  1.010-461.el9.0.1       appstream   23 k
[INFO]  perl-PerlIO-via-QuotedPrint   noarch  0.09-4.el9              appstream   22 k
[INFO]  perl-Pod-Checker              noarch  4:1.74-4.el9            appstream   32 k
[INFO]  perl-Pod-Functions            noarch  1.13-483.el9            appstream   12 k
[INFO]  perl-Pod-Html                 noarch  1.25-483.el9            appstream   25 k
[INFO]  perl-Safe                     noarch  2.41-483.el9            appstream   24 k
[INFO]  perl-Search-Dict              noarch  1.07-483.el9            appstream   12 k
[INFO]  perl-SelfLoader               noarch  1.26-483.el9            appstream   20 k
[INFO]  perl-Software-License         noarch  0.103014-12.el9.0.1     appstream  143 k
[INFO]  perl-Sub-Exporter             noarch  0.987-27.el9.0.1        appstream   75 k
[INFO]  perl-Sub-Install              noarch  0.928-28.el9.0.1        appstream   22 k
[INFO]  perl-Sys-Hostname             x86_64  1.23-483.el9            appstream   16 k
[INFO]  perl-Sys-Syslog               x86_64  0.36-461.el9            appstream   47 k
[INFO]  perl-Term-Complete            noarch  1.403-483.el9           appstream   12 k
[INFO]  perl-Term-ReadLine            noarch  1.17-483.el9            appstream   18 k
[INFO]  perl-Term-Size-Perl           x86_64  0.031-12.el9            appstream   21 k
[INFO]  perl-Term-Table               noarch  0.015-8.el9.0.1         appstream   35 k
[INFO]  perl-Test                     noarch  1.31-483.el9            appstream   27 k
[INFO]  perl-Test-Harness             noarch  1:3.42-461.el9          appstream  267 k
[INFO]  perl-Test-Simple              noarch  3:1.302183-4.el9        appstream  525 k
[INFO]  perl-Text-Abbrev              noarch  1.02-483.el9            appstream   11 k
[INFO]  perl-Text-Balanced            noarch  2.04-4.el9              appstream   48 k
[INFO]  perl-Text-Diff                noarch  1.45-13.el9             appstream   41 k
[INFO]  perl-Text-Glob                noarch  0.11-15.el9             appstream   13 k
[INFO]  perl-Text-Template            noarch  1.59-5.el9.0.1          appstream   60 k
[INFO]  perl-Thread                   noarch  3.05-483.el9            appstream   17 k
[INFO]  perl-Thread-Queue             noarch  3.14-460.el9.0.1        appstream   21 k
[INFO]  perl-Thread-Semaphore         noarch  2.13-483.el9            appstream   14 k
[INFO]  perl-Tie                      noarch  4.6-483.el9             appstream   30 k
[INFO]  perl-Tie-File                 noarch  1.06-483.el9            appstream   42 k
[INFO]  perl-Tie-Memoize              noarch  1.1-483.el9             appstream   13 k
[INFO]  perl-Tie-RefHash              noarch  1.40-4.el9.0.1          appstream   23 k
[INFO]  perl-Time                     noarch  1.03-483.el9            appstream   17 k
[INFO]  perl-Time-HiRes               x86_64  4:1.9764-462.el9        appstream   57 k
[INFO]  perl-Time-Piece               x86_64  1.3401-483.el9          appstream   39 k
[INFO]  perl-Unicode-Collate          x86_64  1.29-4.el9              appstream  732 k
[INFO]  perl-Unicode-Normalize        x86_64  1.27-461.el9            appstream   91 k
[INFO]  perl-Unicode-UCD              noarch  0.75-483.el9            appstream   77 k
[INFO]  perl-User-pwent               noarch  1.03-483.el9            appstream   19 k
[INFO]  perl-autodie                  noarch  2.34-4.el9.0.1          appstream   94 k
[INFO]  perl-autouse                  noarch  1.11-483.el9            appstream   12 k
[INFO]  perl-bignum                   noarch  0.51-460.el9            appstream   42 k
[INFO]  perl-blib                     noarch  1.07-483.el9            appstream   11 k
[INFO]  perl-debugger                 noarch  1.56-483.el9            appstream  132 k
[INFO]  perl-deprecate                noarch  0.04-483.el9            appstream   13 k
[INFO]  perl-devel                    x86_64  4:5.32.1-483.el9        appstream  659 k
[INFO]  perl-diagnostics              noarch  1.37-483.el9            appstream  209 k
[INFO]  perl-doc                      noarch  5.32.1-483.el9          appstream  4.5 M
[INFO]  perl-encoding                 x86_64  4:3.00-462.el9          appstream   62 k
[INFO]  perl-encoding-warnings        noarch  0.13-483.el9            appstream   15 k
[INFO]  perl-experimental             noarch  0.022-6.el9             appstream   21 k
[INFO]  perl-fields                   noarch  2.27-483.el9            appstream   15 k
[INFO]  perl-filetest                 noarch  1.03-483.el9            appstream   13 k
[INFO]  perl-inc-latest               noarch  2:0.500-20.el9          appstream   24 k
[INFO]  perl-less                     noarch  0.03-483.el9            appstream   12 k
[INFO]  perl-libnetcfg                noarch  4:5.32.1-483.el9        appstream   15 k
[INFO]  perl-local-lib                noarch  2.000024-13.el9         appstream   67 k
[INFO]  perl-locale                   noarch  1.09-483.el9            appstream   12 k
[INFO]  perl-macros                   noarch  4:5.32.1-483.el9        appstream  9.4 k
[INFO]  perl-meta-notation            noarch  5.32.1-483.el9          appstream  8.4 k
[INFO]  perl-open                     noarch  1.12-483.el9            appstream   15 k
[INFO]  perl-perlfaq                  noarch  5.20210520-1.el9        appstream  372 k
[INFO]  perl-ph                       x86_64  5.32.1-483.el9          appstream   41 k
[INFO]  perl-sigtrap                  noarch  1.09-483.el9            appstream   14 k
[INFO]  perl-sort                     noarch  2.04-483.el9            appstream   12 k
[INFO]  perl-srpm-macros              noarch  1-41.el9                appstream  8.2 k
[INFO]  perl-threads                  x86_64  1:2.25-460.el9          appstream   57 k
[INFO]  perl-threads-shared           x86_64  1.61-460.el9.0.1        appstream   44 k
[INFO]  perl-utils                    noarch  5.32.1-483.el9          appstream   54 k
[INFO]  perl-version                  x86_64  7:0.99.28-4.el9         appstream   62 k
[INFO]  perl-vmsish                   noarch  1.04-483.el9            appstream   13 k
[INFO]  pkgconf                       x86_64  1.7.3-10.el9            baseos      40 k
[INFO]  pkgconf-m4                    noarch  1.7.3-10.el9            baseos      14 k
[INFO]  pkgconf-pkg-config            x86_64  1.7.3-10.el9            baseos      10 k
[INFO]  pyproject-srpm-macros         noarch  1.18.5-1.el9            appstream   13 k
[INFO]  python-srpm-macros            noarch  3.9-54.el9              appstream   17 k
[INFO]  python3-pyparsing             noarch  2.4.7-9.el9.0.1         baseos     150 k
[INFO]  qt5-srpm-macros               noarch  5.15.9-1.el9            appstream  7.9 k
[INFO]  redhat-rpm-config             noarch  210-1.el9               appstream   64 k
[INFO]  rust-srpm-macros              noarch  17-4.el9                appstream  9.3 k
[INFO]  sombok                        x86_64  2.4.0-16.el9            appstream   47 k
[INFO]  systemtap-sdt-devel           x86_64  5.4-4.el9               appstream   68 k
[INFO]  systemtap-sdt-dtrace          x86_64  5.4-4.el9               appstream   69 k
[INFO]  unzip                         x86_64  6.0-60.el9_8            baseos     180 k
[INFO]  zip                           x86_64  3.0-35.el9              baseos     263 k
[INFO] Installing weak dependencies:
[INFO]  perl-CPAN-DistnameInfo        noarch  0.12-23.el9.0.1         appstream   14 k
[INFO]  perl-Encode-Locale            noarch  1.05-21.el9             appstream   19 k
[INFO]  perl-Term-Size-Any            noarch  0.002-35.el9.0.1        appstream   13 k
[INFO]  perl-Unicode-LineBreak        x86_64  2019.001-11.el9         appstream  120 k
[INFO]
[INFO] Transaction Summary
[INFO] ================================================================================
[INFO] Install  209 Packages
[INFO] Upgrade    3 Packages
[INFO]
[INFO] Total size: 112 M
[INFO] Total download size: 112 M
[INFO] Downloading Packages:
[INFO] [SKIPPED] curl-7.76.1-40.el9_8.5.x86_64.rpm: Already downloaded
[INFO] (2/212): libpkgconf-1.7.3-10.el9.x86_64.rpm      85 kB/s |  35 kB     00:00
[INFO] (3/212): pkgconf-1.7.3-10.el9.x86_64.rpm         96 kB/s |  40 kB     00:00
[INFO] (4/212): pkgconf-m4-1.7.3-10.el9.noarch.rpm     174 kB/s |  14 kB     00:00
[INFO] (5/212): pkgconf-pkg-config-1.7.3-10.el9.x86_64 112 kB/s |  10 kB     00:00
[INFO] (6/212): make-4.3-8.el9.x86_64.rpm              946 kB/s | 529 kB     00:00
[INFO] (7/212): python3-pyparsing-2.4.7-9.el9.0.1.noar 804 kB/s | 150 kB     00:00
[INFO] (8/212): unzip-6.0-60.el9_8.x86_64.rpm          723 kB/s | 180 kB     00:00
[INFO] (9/212): zip-3.0-35.el9.x86_64.rpm              1.0 MB/s | 263 kB     00:00
[INFO] (10/212): dwz-0.16-1.el9.x86_64.rpm             419 kB/s | 133 kB     00:00
[INFO] (11/212): annobin-12.98-2.el9.x86_64.rpm        2.1 MB/s | 1.1 MB     00:00
[INFO] (12/212): efi-srpm-macros-6-4.el9.noarch.rpm    256 kB/s |  21 kB     00:00
[INFO] (13/212): fonts-srpm-macros-2.0.5-7.el9.1.noarc 364 kB/s |  27 kB     00:00
[INFO] (14/212): cpp-11.5.0-14.el9.x86_64.rpm          6.7 MB/s |  11 MB     00:01
[INFO] (15/212): gcc-plugin-annobin-11.5.0-14.el9.x86_ 212 kB/s |  37 kB     00:00
[INFO] (16/212): ghc-srpm-macros-1.5.0-6.el9.noarch.rp  29 kB/s | 7.8 kB     00:00
[INFO] (17/212): glibc-devel-2.34-266.el9_8.x86_64.rpm 107 kB/s |  37 kB     00:00
[INFO] (18/212): gcc-c++-11.5.0-14.el9.x86_64.rpm      6.1 MB/s |  13 MB     00:02
[INFO] (19/212): glibc-headers-2.34-266.el9_8.x86_64.r 1.6 MB/s | 443 kB     00:00
[INFO] (20/212): go-srpm-macros-3.8.1-1.el9.noarch.rpm  67 kB/s |  27 kB     00:00
[INFO] (21/212): kernel-srpm-macros-1.0-14.el9.noarch.  28 kB/s |  14 kB     00:00
[INFO] (22/212): kernel-headers-5.14.0-687.46.1.el9_8. 3.1 MB/s | 2.6 MB     00:00
[INFO] (23/212): libdatrie-0.2.13-4.el9.x86_64.rpm     123 kB/s |  32 kB     00:00
[INFO] (24/212): libmpc-1.2.1-4.el9.x86_64.rpm         243 kB/s |  61 kB     00:00
[INFO] (25/212): gcc-11.5.0-14.el9.x86_64.rpm          9.1 MB/s |  32 MB     00:03
[INFO] (26/212): libthai-0.1.28-8.el9.x86_64.rpm       755 kB/s | 208 kB     00:00
[INFO] (27/212): libstdc++-devel-11.5.0-14.el9.x86_64. 7.6 MB/s | 2.2 MB     00:00
[INFO] (28/212): libxcrypt-devel-4.4.18-3.el9.x86_64.r 394 kB/s |  28 kB     00:00
[INFO] (29/212): llvm-filesystem-21.1.8-2.el9.x86_64.r 181 kB/s |  14 kB     00:00
[INFO] (30/212): lua-srpm-macros-1-6.el9.noarch.rpm     34 kB/s | 8.5 kB     00:00
[INFO] (31/212): ocaml-srpm-macros-6-6.el9.noarch.rpm   31 kB/s | 7.8 kB     00:00
[INFO] (32/212): openblas-srpm-macros-2-11.el9.noarch.  18 kB/s | 7.3 kB     00:00
[INFO] (33/212): perl-5.32.1-483.el9.x86_64.rpm         27 kB/s |  11 kB     00:00
[INFO] (34/212): perl-Algorithm-Diff-1.2010-4.el9.0.1. 190 kB/s |  47 kB     00:00
[INFO] (35/212): perl-Archive-Tar-2.38-6.el9_8.2.noarc 104 kB/s |  71 kB     00:00
[INFO] (36/212): perl-Archive-Zip-1.68-6.el9.noarch.rp 199 kB/s | 106 kB     00:00
[INFO] (37/212): perl-Attribute-Handlers-1.01-483.el9.  99 kB/s |  26 kB     00:00
[INFO] (38/212): llvm-libs-21.1.8-2.el9.x86_64.rpm      18 MB/s |  31 MB     00:01
[INFO] (39/212): perl-AutoSplit-5.74-483.el9.noarch.rp  74 kB/s |  20 kB     00:00
[INFO] (40/212): perl-Benchmark-1.23-483.el9.noarch.rp 239 kB/s |  25 kB     00:00
[INFO] (41/212): perl-CPAN-DistnameInfo-0.12-23.el9.0. 175 kB/s |  14 kB     00:00
[INFO] (42/212): perl-CPAN-2.29-5.el9_6.noarch.rpm     4.7 MB/s | 556 kB     00:00
[INFO] (43/212): perl-CPAN-Meta-2.150010-460.el9.0.1.n 1.8 MB/s | 202 kB     00:00
[INFO] (44/212): perl-CPAN-Meta-Requirements-2.140-461 318 kB/s |  31 kB     00:00
[INFO] (45/212): perl-CPAN-Meta-YAML-0.018-461.el9.noa 321 kB/s |  26 kB     00:00
[INFO] (46/212): perl-Compress-Bzip2-2.28-5.el9.x86_64 878 kB/s |  69 kB     00:00
[INFO] (47/212): perl-Compress-Raw-Bzip2-2.101-5.el9.x 464 kB/s |  34 kB     00:00
[INFO] (48/212): perl-Compress-Raw-Lzma-2.101-3.el9.x8 700 kB/s |  50 kB     00:00
[INFO] (49/212): perl-Compress-Raw-Zlib-2.101-5.el9.x8 688 kB/s |  60 kB     00:00
[INFO] (50/212): perl-Config-Extensions-0.03-483.el9.n 158 kB/s |  11 kB     00:00
[INFO] (51/212): perl-Config-Perl-V-0.33-4.el9.noarch. 319 kB/s |  21 kB     00:00
[INFO] (52/212): perl-DBM_Filter-0.06-483.el9.noarch.r 380 kB/s |  30 kB     00:00
[INFO] (53/212): perl-DB_File-1.855-4.el9.x86_64.rpm   1.1 MB/s |  81 kB     00:00
[INFO] (54/212): perl-Data-OptList-0.110-17.el9.0.1.no 362 kB/s |  26 kB     00:00
[INFO] (55/212): perl-Data-Section-0.200007-14.el9.0.1 330 kB/s |  25 kB     00:00
[INFO] (56/212): perl-Devel-PPPort-3.62-4.el9.x86_64.r 2.6 MB/s | 211 kB     00:00
[INFO] (57/212): perl-Devel-Peek-1.28-483.el9.x86_64.r 374 kB/s |  31 kB     00:00
[INFO] (58/212): perl-Devel-SelfStubber-1.06-483.el9.n 178 kB/s |  13 kB     00:00
[INFO] (59/212): perl-Devel-Size-0.83-10.el9.x86_64.rp 375 kB/s |  31 kB     00:00
[INFO] (60/212): perl-Digest-SHA-6.02-461.el9.x86_64.r 853 kB/s |  61 kB     00:00
[INFO] (61/212): perl-Digest-SHA1-2.13-34.el9.x86_64.r 671 kB/s |  52 kB     00:00
[INFO] (62/212): perl-DirHandle-1.05-483.el9.noarch.rp 154 kB/s |  11 kB     00:00
[INFO] (63/212): perl-Dumpvalue-2.27-483.el9.noarch.rp 237 kB/s |  17 kB     00:00
[INFO] (64/212): perl-Encode-Locale-1.05-21.el9.noarch 254 kB/s |  19 kB     00:00
[INFO] (65/212): perl-Encode-devel-3.08-462.el9.x86_64 585 kB/s |  41 kB     00:00
[INFO] (66/212): perl-English-1.11-483.el9.noarch.rpm  177 kB/s |  12 kB     00:00
[INFO] (67/212): perl-Env-1.04-460.el9.0.1.noarch.rpm  277 kB/s |  19 kB     00:00
[INFO] (68/212): perl-ExtUtils-CBuilder-0.280236-5.el9 660 kB/s |  45 kB     00:00
[INFO] (69/212): perl-ExtUtils-Command-7.60-3.el9.0.1. 204 kB/s |  14 kB     00:00
[INFO] (70/212): perl-ExtUtils-Constant-0.25-483.el9.n 612 kB/s |  45 kB     00:00
[INFO] (71/212): perl-ExtUtils-Embed-1.35-483.el9.noar 247 kB/s |  16 kB     00:00
[INFO] (72/212): perl-ExtUtils-Install-2.20-4.el9.0.1. 606 kB/s |  44 kB     00:00
[INFO] (73/212): perl-ExtUtils-MM-Utils-7.60-3.el9.0.1 178 kB/s |  12 kB     00:00
[INFO] (74/212): perl-ExtUtils-MakeMaker-7.60-3.el9.0. 3.7 MB/s | 303 kB     00:00
[INFO] (75/212): perl-ExtUtils-Manifest-1.73-4.el9.0.1 455 kB/s |  34 kB     00:00
[INFO] (76/212): perl-ExtUtils-Miniperl-1.09-483.el9.n 196 kB/s |  14 kB     00:00
[INFO] (77/212): perl-ExtUtils-ParseXS-3.40-460.el9.no 2.1 MB/s | 182 kB     00:00
[INFO] (78/212): perl-File-Compare-1.100.600-483.el9.n 147 kB/s |  12 kB     00:00
[INFO] (79/212): perl-File-Copy-2.34-483.el9.noarch.rp 277 kB/s |  19 kB     00:00
[INFO] (80/212): perl-File-Fetch-1.00-4.el9.noarch.rpm 404 kB/s |  30 kB     00:00
[INFO] (81/212): perl-File-DosGlob-1.12-483.el9.x86_64 229 kB/s |  18 kB     00:00
[INFO] (82/212): perl-File-Find-1.37-483.el9.noarch.rp 358 kB/s |  24 kB     00:00
[INFO] (83/212): perl-File-HomeDir-1.006-4.el9.noarch. 749 kB/s |  57 kB     00:00
[INFO] (84/212): perl-File-Which-1.23-10.el9.noarch.rp 273 kB/s |  21 kB     00:00
[INFO] (85/212): perl-FileCache-1.10-483.el9.noarch.rp 149 kB/s |  13 kB     00:00
[INFO] (86/212): perl-Filter-1.60-4.el9.x86_64.rpm     1.1 MB/s |  81 kB     00:00
[INFO] (87/212): perl-Filter-Simple-0.96-460.el9.noarc 344 kB/s |  27 kB     00:00
[INFO] (88/212): perl-FindBin-1.51-483.el9.noarch.rpm  181 kB/s |  13 kB     00:00
[INFO] (89/212): perl-GDBM_File-1.18-483.el9.x86_64.rp 251 kB/s |  21 kB     00:00
[INFO] (90/212): perl-Hash-Util-0.23-483.el9.x86_64.rp 404 kB/s |  33 kB     00:00
[INFO] (91/212): perl-Hash-Util-FieldHash-1.20-483.el9 441 kB/s |  36 kB     00:00
[INFO] (92/212): perl-I18N-LangTags-0.44-483.el9.noarc 691 kB/s |  53 kB     00:00
[INFO] (93/212): perl-I18N-Collate-1.02-483.el9.noarch 154 kB/s |  13 kB     00:00
[INFO] (94/212): perl-I18N-Langinfo-0.19-483.el9.x86_6 267 kB/s |  21 kB     00:00
[INFO] (95/212): perl-IO-Compress-2.102-4.el9_8.1.noar 2.8 MB/s | 254 kB     00:00
[INFO] (96/212): perl-IO-Compress-Lzma-2.101-4.el9.0.1 867 kB/s |  80 kB     00:00
[INFO] (97/212): perl-IO-Zlib-1.11-4.el9.0.1.noarch.rp 192 kB/s |  19 kB     00:00
[INFO] (98/212): perl-IPC-SysV-2.09-4.el9.x86_64.rpm   376 kB/s |  42 kB     00:00
[INFO] (99/212): perl-IPC-Cmd-1.04-461.el9.noarch.rpm  297 kB/s |  39 kB     00:00
[INFO] (100/212): perl-IPC-System-Simple-1.30-6.el9.no 358 kB/s |  40 kB     00:00
[INFO] (101/212): perl-Importer-0.026-4.el9.noarch.rpm 476 kB/s |  39 kB     00:00
[INFO] (102/212): perl-Locale-Maketext-1.29-461.el9.no 1.2 MB/s |  94 kB     00:00
[INFO] (103/212): perl-JSON-PP-4.06-4.el9.noarch.rpm   812 kB/s |  65 kB     00:00
[INFO] (104/212): perl-Locale-Maketext-Simple-0.21-483 190 kB/s |  16 kB     00:00
[INFO] (105/212): perl-MIME-Charset-1.012.2-15.el9.0.1 621 kB/s |  48 kB     00:00
[INFO] (106/212): perl-MRO-Compat-0.13-15.el9.0.1.noar 251 kB/s |  19 kB     00:00
[INFO] (107/212): perl-Math-BigInt-1.9998.18-460.el9.n 2.3 MB/s | 188 kB     00:00
[INFO] (108/212): perl-Math-BigInt-FastCalc-0.500.900- 345 kB/s |  27 kB     00:00
[INFO] (109/212): perl-Math-BigRat-0.2614-460.el9.noar 416 kB/s |  38 kB     00:00
[INFO] (110/212): perl-Math-Complex-1.59-483.el9.noarc 336 kB/s |  45 kB     00:00
[INFO] (111/212): perl-Memoize-1.03-483.el9.noarch.rpm 389 kB/s |  55 kB     00:00
[INFO] (112/212): perl-Module-Build-0.42.31-9.el9.noar 1.9 MB/s | 255 kB     00:00
[INFO] (113/212): perl-Module-CoreList-5.20240609-1.el 875 kB/s |  87 kB     00:00
[INFO] (114/212): perl-Module-CoreList-tools-5.2024060 170 kB/s |  16 kB     00:00
[INFO] (115/212): perl-Module-Load-0.36-4.el9.noarch.r 186 kB/s |  17 kB     00:00
[INFO] (116/212): perl-Module-Load-Conditional-0.74-4. 259 kB/s |  22 kB     00:00
[INFO] (117/212): perl-Module-Metadata-1.000037-460.el 425 kB/s |  35 kB     00:00
[INFO] (118/212): perl-Module-Loaded-0.08-483.el9.noar 139 kB/s |  12 kB     00:00
[INFO] (119/212): perl-Module-Signature-0.88-1.el9.0.1 806 kB/s |  83 kB     00:00
[INFO] (120/212): perl-NEXT-0.67-483.el9.noarch.rpm    192 kB/s |  20 kB     00:00
[INFO] (121/212): perl-Net-1.02-483.el9.noarch.rpm     240 kB/s |  24 kB     00:00
[INFO] (122/212): perl-Net-Ping-2.74-5.el9.0.1.noarch. 469 kB/s |  49 kB     00:00
[INFO] (123/212): perl-ODBM_File-1.16-483.el9.x86_64.r 202 kB/s |  21 kB     00:00
[INFO] (124/212): perl-Object-HashBase-0.009-7.el9.noa 242 kB/s |  25 kB     00:00
[INFO] (125/212): perl-Opcode-1.48-483.el9.x86_64.rpm  403 kB/s |  35 kB     00:00
[INFO] (126/212): perl-Package-Generator-1.106-23.el9. 271 kB/s |  23 kB     00:00
[INFO] (127/212): perl-Params-Check-0.38-461.el9.0.1.n 227 kB/s |  22 kB     00:00
[INFO] (128/212): perl-Perl-OSType-1.010-461.el9.0.1.n 135 kB/s |  23 kB     00:00
[INFO] (129/212): perl-Params-Util-1.102-5.el9.x86_64. 191 kB/s |  33 kB     00:00
[INFO] (130/212): perl-PerlIO-via-QuotedPrint-0.09-4.e 132 kB/s |  22 kB     00:00
[INFO] (131/212): perl-Pod-Checker-1.74-4.el9.noarch.r 418 kB/s |  32 kB     00:00
[INFO] (132/212): perl-Pod-Html-1.25-483.el9.noarch.rp 335 kB/s |  25 kB     00:00
[INFO] (133/212): perl-Pod-Functions-1.13-483.el9.noar 157 kB/s |  12 kB     00:00
[INFO] (134/212): perl-Safe-2.41-483.el9.noarch.rpm    294 kB/s |  24 kB     00:00
[INFO] (135/212): perl-Search-Dict-1.07-483.el9.noarch 118 kB/s |  12 kB     00:00
[INFO] (136/212): perl-SelfLoader-1.26-483.el9.noarch. 186 kB/s |  20 kB     00:00
[INFO] (137/212): perl-Software-License-0.103014-12.el 1.3 MB/s | 143 kB     00:00
[INFO] (138/212): perl-Sub-Exporter-0.987-27.el9.0.1.n 842 kB/s |  75 kB     00:00
[INFO] (139/212): perl-Sub-Install-0.928-28.el9.0.1.no 269 kB/s |  22 kB     00:00
[INFO] (140/212): perl-Sys-Hostname-1.23-483.el9.x86_6 205 kB/s |  16 kB     00:00
[INFO] (141/212): perl-Sys-Syslog-0.36-461.el9.x86_64. 596 kB/s |  47 kB     00:00
[INFO] (142/212): perl-Term-Complete-1.403-483.el9.noa 143 kB/s |  12 kB     00:00
[INFO] (143/212): perl-Term-ReadLine-1.17-483.el9.noar 232 kB/s |  18 kB     00:00
[INFO] (144/212): perl-Term-Size-Any-0.002-35.el9.0.1. 182 kB/s |  13 kB     00:00
[INFO] (145/212): perl-Term-Size-Perl-0.031-12.el9.x86 232 kB/s |  21 kB     00:00
[INFO] (146/212): perl-Term-Table-0.015-8.el9.0.1.noar 364 kB/s |  35 kB     00:00
[INFO] (147/212): perl-Test-1.31-483.el9.noarch.rpm    279 kB/s |  27 kB     00:00
[INFO] (148/212): perl-Test-Harness-3.42-461.el9.noarc 2.9 MB/s | 267 kB     00:00
[INFO] (149/212): perl-Test-Simple-1.302183-4.el9.noar 4.7 MB/s | 525 kB     00:00
[INFO] (150/212): perl-Text-Abbrev-1.02-483.el9.noarch  98 kB/s |  11 kB     00:00
[INFO] (151/212): perl-Text-Balanced-2.04-4.el9.noarch 497 kB/s |  48 kB     00:00
[INFO] (152/212): perl-Text-Template-1.59-5.el9.0.1.no 656 kB/s |  60 kB     00:00
[INFO] (153/212): perl-Text-Glob-0.11-15.el9.noarch.rp 143 kB/s |  13 kB     00:00
[INFO] (154/212): perl-Text-Diff-1.45-13.el9.noarch.rp 363 kB/s |  41 kB     00:00
[INFO] (155/212): perl-Thread-Semaphore-2.13-483.el9.n 170 kB/s |  14 kB     00:00
[INFO] (156/212): perl-Thread-Queue-3.14-460.el9.0.1.n 213 kB/s |  21 kB     00:00
[INFO] (157/212): perl-Thread-3.05-483.el9.noarch.rpm  162 kB/s |  17 kB     00:00
[INFO] (158/212): perl-Tie-File-1.06-483.el9.noarch.rp 437 kB/s |  42 kB     00:00
[INFO] (159/212): perl-Tie-4.6-483.el9.noarch.rpm      302 kB/s |  30 kB     00:00
[INFO] (160/212): perl-Tie-Memoize-1.1-483.el9.noarch. 130 kB/s |  13 kB     00:00
[INFO] (161/212): perl-Tie-RefHash-1.40-4.el9.0.1.noar 290 kB/s |  23 kB     00:00
[INFO] (162/212): perl-Time-1.03-483.el9.noarch.rpm    220 kB/s |  17 kB     00:00
[INFO] (163/212): perl-Time-HiRes-1.9764-462.el9.x86_6 606 kB/s |  57 kB     00:00
[INFO] (164/212): perl-Time-Piece-1.3401-483.el9.x86_6 459 kB/s |  39 kB     00:00
[INFO] (165/212): perl-Unicode-Collate-1.29-4.el9.x86_ 5.3 MB/s | 732 kB     00:00
[INFO] (166/212): perl-Unicode-LineBreak-2019.001-11.e 979 kB/s | 120 kB     00:00
[INFO] (167/212): perl-Unicode-Normalize-1.27-461.el9. 600 kB/s |  91 kB     00:00
[INFO] (168/212): perl-Unicode-UCD-0.75-483.el9.noarch 763 kB/s |  77 kB     00:00
[INFO] (169/212): perl-User-pwent-1.03-483.el9.noarch. 194 kB/s |  19 kB     00:00
[INFO] (170/212): perl-autodie-2.34-4.el9.0.1.noarch.r 1.2 MB/s |  94 kB     00:00
[INFO] (171/212): perl-bignum-0.51-460.el9.noarch.rpm  404 kB/s |  42 kB     00:00
[INFO] (172/212): perl-autouse-1.11-483.el9.noarch.rpm 116 kB/s |  12 kB     00:00
[INFO] (173/212): perl-blib-1.07-483.el9.noarch.rpm     85 kB/s |  11 kB     00:00
[INFO] (174/212): perl-deprecate-0.04-483.el9.noarch.r 134 kB/s |  13 kB     00:00
[INFO] (175/212): perl-debugger-1.56-483.el9.noarch.rp 1.0 MB/s | 132 kB     00:00
[INFO] (176/212): perl-diagnostics-1.37-483.el9.noarch 1.0 MB/s | 209 kB     00:00
[INFO] (177/212): perl-devel-5.32.1-483.el9.x86_64.rpm 2.4 MB/s | 659 kB     00:00
[INFO] (178/212): perl-doc-5.32.1-483.el9.noarch.rpm   5.9 MB/s | 4.5 MB     00:00
[INFO] (179/212): perl-encoding-3.00-462.el9.x86_64.rp 107 kB/s |  62 kB     00:00
[INFO] (180/212): perl-encoding-warnings-0.13-483.el9.  29 kB/s |  15 kB     00:00
[INFO] (181/212): perl-fields-2.27-483.el9.noarch.rpm  178 kB/s |  15 kB     00:00
[INFO] (182/212): perl-filetest-1.03-483.el9.noarch.rp 154 kB/s |  13 kB     00:00
[INFO] (183/212): perl-experimental-0.022-6.el9.noarch 225 kB/s |  21 kB     00:00
[INFO] (184/212): perl-libnetcfg-5.32.1-483.el9.noarch 118 kB/s |  15 kB     00:00
[INFO] (185/212): perl-less-0.03-483.el9.noarch.rpm     90 kB/s |  12 kB     00:00
[INFO] (186/212): perl-locale-1.09-483.el9.noarch.rpm  151 kB/s |  12 kB     00:00
[INFO] (187/212): perl-local-lib-2.000024-13.el9.noarc 757 kB/s |  67 kB     00:00
[INFO] (188/212): perl-inc-latest-0.500-20.el9.noarch.  88 kB/s |  24 kB     00:00
[INFO] (189/212): perl-macros-5.32.1-483.el9.noarch.rp 110 kB/s | 9.4 kB     00:00
[INFO] (190/212): perl-meta-notation-5.32.1-483.el9.no 100 kB/s | 8.4 kB     00:00
[INFO] (191/212): perl-open-1.12-483.el9.noarch.rpm    188 kB/s |  15 kB     00:00
[INFO] (192/212): perl-perlfaq-5.20210520-1.el9.noarch 3.6 MB/s | 372 kB     00:00
[INFO] (193/212): perl-sigtrap-1.09-483.el9.noarch.rpm  74 kB/s |  14 kB     00:00
[INFO] (194/212): perl-ph-5.32.1-483.el9.x86_64.rpm    171 kB/s |  41 kB     00:00
[INFO] (195/212): perl-sort-2.04-483.el9.noarch.rpm     86 kB/s |  12 kB     00:00
[INFO] (196/212): perl-srpm-macros-1-41.el9.noarch.rpm 110 kB/s | 8.2 kB     00:00
[INFO] (197/212): perl-threads-2.25-460.el9.x86_64.rpm 584 kB/s |  57 kB     00:00
[INFO] (198/212): perl-threads-shared-1.61-460.el9.0.1 433 kB/s |  44 kB     00:00
[INFO] (199/212): perl-utils-5.32.1-483.el9.noarch.rpm 696 kB/s |  54 kB     00:00
[INFO] (200/212): perl-version-0.99.28-4.el9.x86_64.rp 880 kB/s |  62 kB     00:00
[INFO] (201/212): perl-vmsish-1.04-483.el9.noarch.rpm  154 kB/s |  13 kB     00:00
[INFO] (202/212): python-srpm-macros-3.9-54.el9.noarch 168 kB/s |  17 kB     00:00
[INFO] (203/212): pyproject-srpm-macros-1.18.5-1.el9.n 101 kB/s |  13 kB     00:00
[INFO] (204/212): qt5-srpm-macros-5.15.9-1.el9.noarch.  86 kB/s | 7.9 kB     00:00
[INFO] (205/212): redhat-rpm-config-210-1.el9.noarch.r 764 kB/s |  64 kB     00:00
[INFO] (206/212): rust-srpm-macros-17-4.el9.noarch.rpm 111 kB/s | 9.3 kB     00:00
[INFO] (207/212): sombok-2.4.0-16.el9.x86_64.rpm       575 kB/s |  47 kB     00:00
[INFO] (208/212): systemtap-sdt-dtrace-5.4-4.el9.x86_6 595 kB/s |  69 kB     00:00
[INFO] (209/212): systemtap-sdt-devel-5.4-4.el9.x86_64 562 kB/s |  68 kB     00:00
[INFO] (210/212): wget-1.21.1-11.el9_8.x86_64.rpm      4.8 MB/s | 767 kB     00:00
[INFO] (211/212): tar-1.34-13.el9_8.x86_64.rpm         5.0 MB/s | 879 kB     00:00
[INFO] (212/212): libcurl-7.76.1-40.el9_8.5.x86_64.rpm 1.5 MB/s | 284 kB     00:00
[INFO] --------------------------------------------------------------------------------
[INFO] Total                                           8.0 MB/s | 112 MB     00:13
[INFO] Running transaction check
[INFO] Transaction check succeeded.
[INFO] Running transaction test
[INFO] Transaction test succeeded.
[INFO] Running transaction
[INFO]   Preparing        :                                                        1/1
[INFO]   Installing       : perl-File-Find-1.37-483.el9.noarch                   1/215
[INFO]   Installing       : perl-File-Copy-2.34-483.el9.noarch                   2/215
[INFO]   Installing       : perl-ExtUtils-Manifest-1:1.73-4.el9.0.1.noarch       3/215
[INFO]   Installing       : perl-Time-HiRes-4:1.9764-462.el9.x86_64              4/215
[INFO]   Installing       : perl-threads-1:2.25-460.el9.x86_64                   5/215
[INFO]   Installing       : perl-threads-shared-1.61-460.el9.0.1.x86_64          6/215
[INFO]   Installing       : perl-File-Compare-1.100.600-483.el9.noarch           7/215
[INFO]   Installing       : perl-ExtUtils-ParseXS-1:3.40-460.el9.noarch          8/215
[INFO]   Installing       : perl-Compress-Raw-Zlib-2.101-5.el9.x86_64            9/215
[INFO]   Installing       : perl-meta-notation-5.32.1-483.el9.noarch            10/215
[INFO]   Installing       : perl-locale-1.09-483.el9.noarch                     11/215
[INFO]   Installing       : perl-version-7:0.99.28-4.el9.x86_64                 12/215
[INFO]   Installing       : perl-CPAN-Meta-Requirements-2.140-461.el9.0.1.no    13/215
[INFO]   Installing       : perl-Module-CoreList-1:5.20240609-1.el9.noarch      14/215
[INFO]   Installing       : perl-Module-Metadata-1.000037-460.el9.noarch        15/215
[INFO]   Installing       : perl-Unicode-Normalize-1.27-461.el9.x86_64          16/215
[INFO]   Installing       : perl-Tie-4.6-483.el9.noarch                         17/215
[INFO]   Installing       : perl-Term-ReadLine-1.17-483.el9.noarch              18/215
[INFO]   Installing       : perl-Perl-OSType-1.010-461.el9.0.1.noarch           19/215
[INFO]   Installing       : perl-Module-Load-1:0.36-4.el9.noarch                20/215
[INFO]   Installing       : perl-Digest-SHA-1:6.02-461.el9.x86_64               21/215
[INFO]   Installing       : perl-Devel-Peek-1.28-483.el9.x86_64                 22/215
[INFO]   Installing       : libmpc-1.2.1-4.el9.x86_64                           23/215
[INFO]   Installing       : perl-Dumpvalue-2.27-483.el9.noarch                  24/215
[INFO]   Installing       : perl-Pod-Html-1.25-483.el9.noarch                   25/215
[INFO]   Installing       : perl-Net-Ping-2.74-5.el9.0.1.noarch                 26/215
[INFO]   Installing       : perl-ExtUtils-Command-2:7.60-3.el9.0.1.noarch       27/215
[INFO]   Installing       : perl-doc-5.32.1-483.el9.noarch                      28/215
[INFO]   Installing       : perl-autouse-1.11-483.el9.noarch                    29/215
[INFO]   Installing       : perl-User-pwent-1.03-483.el9.noarch                 30/215
[INFO]   Installing       : perl-Tie-RefHash-1.40-4.el9.0.1.noarch              31/215
[INFO]   Installing       : perl-Text-Balanced-2.04-4.el9.noarch                32/215
[INFO]   Installing       : perl-Sys-Hostname-1.23-483.el9.x86_64               33/215
[INFO]   Installing       : perl-Sub-Install-0.928-28.el9.0.1.noarch            34/215
[INFO]   Installing       : perl-SelfLoader-1.26-483.el9.noarch                 35/215
[INFO]   Installing       : perl-Params-Util-1.102-5.el9.x86_64                 36/215
[INFO]   Installing       : perl-Opcode-1.48-483.el9.x86_64                     37/215
[INFO]   Installing       : perl-Safe-2.41-483.el9.noarch                       38/215
[INFO]   Installing       : perl-Math-Complex-1.59-483.el9.noarch               39/215
[INFO]   Installing       : perl-Math-BigInt-1:1.9998.18-460.el9.noarch         40/215
[INFO]   Installing       : perl-JSON-PP-1:4.06-4.el9.noarch                    41/215
[INFO]   Installing       : perl-Math-BigRat-0.2614-460.el9.noarch              42/215
[INFO]   Installing       : perl-I18N-Langinfo-0.19-483.el9.x86_64              43/215
[INFO]   Installing       : perl-I18N-LangTags-0.44-483.el9.noarch              44/215
[INFO]   Installing       : perl-Locale-Maketext-1.29-461.el9.noarch            45/215
[INFO]   Installing       : perl-Locale-Maketext-Simple-1:0.21-483.el9.noarc    46/215
[INFO]   Installing       : perl-Params-Check-1:0.38-461.el9.0.1.noarch         47/215
[INFO]   Installing       : perl-Module-Load-Conditional-0.74-4.el9.0.1.noar    48/215
[INFO]   Installing       : perl-Hash-Util-FieldHash-1.20-483.el9.x86_64        49/215
[INFO]   Installing       : perl-Hash-Util-0.23-483.el9.x86_64                  50/215
[INFO]   Installing       : perl-ExtUtils-MM-Utils-2:7.60-3.el9.0.1.noarch      51/215
[INFO]   Installing       : perl-IPC-Cmd-2:1.04-461.el9.noarch                  52/215
[INFO]   Installing       : perl-ExtUtils-Constant-0.25-483.el9.noarch          53/215
[INFO]   Installing       : perl-DirHandle-1.05-483.el9.noarch                  54/215
[INFO]   Installing       : perl-Devel-PPPort-3.62-4.el9.x86_64                 55/215
[INFO]   Installing       : perl-Compress-Raw-Bzip2-2.101-5.el9.x86_64          56/215
[INFO]   Installing       : perl-IO-Compress-2.102-4.el9_8.1.noarch             57/215
[INFO]   Installing       : perl-IO-Zlib-1:1.11-4.el9.0.1.noarch                58/215
[INFO]   Installing       : perl-CPAN-Meta-YAML-0.018-461.el9.noarch            59/215
[INFO]   Installing       : perl-CPAN-Meta-2.150010-460.el9.0.1.noarch          60/215
[INFO]   Installing       : perl-Benchmark-1.23-483.el9.noarch                  61/215
[INFO]   Installing       : perl-Test-Harness-1:3.42-461.el9.noarch             62/215
[INFO]   Installing       : perl-AutoSplit-5.74-483.el9.noarch                  63/215
[INFO]   Installing       : make-1:4.3-8.el9.x86_64                             64/215
[INFO]   Installing       : perl-DBM_Filter-0.06-483.el9.noarch                 65/215
[INFO]   Installing       : perl-File-Fetch-1.00-4.el9.noarch                   66/215
[INFO]   Installing       : perl-fields-2.27-483.el9.noarch                     67/215
[INFO]   Installing       : perl-Encode-Locale-1.05-21.el9.noarch               68/215
[INFO]   Installing       : perl-bignum-0.51-460.el9.noarch                     69/215
[INFO]   Installing       : perl-Math-BigInt-FastCalc-0.500.900-460.el9.x86_    70/215
[INFO]   Installing       : perl-Data-OptList-0.110-17.el9.0.1.noarch           71/215
[INFO]   Installing       : perl-Devel-SelfStubber-1.06-483.el9.noarch          72/215
[INFO]   Installing       : cpp-11.5.0-14.el9.x86_64                            73/215
[INFO]   Installing       : perl-debugger-1.56-483.el9.noarch                   74/215
[INFO]   Installing       : perl-Env-1.04-460.el9.0.1.noarch                    75/215
[INFO]   Installing       : perl-Unicode-Collate-1.29-4.el9.x86_64              76/215
[INFO]   Installing       : perl-Unicode-UCD-0.75-483.el9.noarch                77/215
[INFO]   Installing       : perl-Module-CoreList-tools-1:5.20240609-1.el9.no    78/215
[INFO]   Installing       : perl-experimental-0.022-6.el9.noarch                79/215
[INFO]   Installing       : perl-sigtrap-1.09-483.el9.noarch                    80/215
[INFO]   Installing       : perl-Archive-Zip-1.68-6.el9.noarch                  81/215
[INFO]   Installing       : perl-Thread-3.05-483.el9.noarch                     82/215
[INFO]   Installing       : perl-Thread-Queue-3.14-460.el9.0.1.noarch           83/215
[INFO]   Installing       : perl-Thread-Semaphore-2.13-483.el9.noarch           84/215
[INFO]   Upgrading        : libcurl-7.76.1-40.el9_8.5.x86_64                    85/215
[INFO]   Installing       : rust-srpm-macros-17-4.el9.noarch                    86/215
[INFO]   Installing       : qt5-srpm-macros-5.15.9-1.el9.noarch                 87/215
[INFO]   Installing       : pyproject-srpm-macros-1.18.5-1.el9.noarch           88/215
[INFO]   Installing       : perl-vmsish-1.04-483.el9.noarch                     89/215
[INFO]   Installing       : perl-utils-5.32.1-483.el9.noarch                    90/215
[INFO]   Installing       : perl-srpm-macros-1-41.el9.noarch                    91/215
[INFO]   Installing       : perl-sort-2.04-483.el9.noarch                       92/215
[INFO]   Installing       : perl-ph-5.32.1-483.el9.x86_64                       93/215
[INFO]   Installing       : perl-perlfaq-5.20210520-1.el9.noarch                94/215
[INFO]   Installing       : perl-macros-4:5.32.1-483.el9.noarch                 95/215
[INFO]   Installing       : perl-local-lib-2.000024-13.el9.noarch               96/215
[INFO]   Installing       : perl-less-0.03-483.el9.noarch                       97/215
[INFO]   Installing       : perl-filetest-1.03-483.el9.noarch                   98/215
[INFO]   Installing       : perl-encoding-warnings-0.13-483.el9.noarch          99/215
[INFO]   Installing       : perl-diagnostics-1.37-483.el9.noarch               100/215
[INFO]   Installing       : perl-deprecate-0.04-483.el9.noarch                 101/215
[INFO]   Installing       : perl-blib-1.07-483.el9.noarch                      102/215
[INFO]   Installing       : perl-Time-Piece-1.3401-483.el9.x86_64              103/215
[INFO]   Installing       : perl-Time-1.03-483.el9.noarch                      104/215
[INFO]   Installing       : perl-Tie-Memoize-1.1-483.el9.noarch                105/215
[INFO]   Installing       : perl-Tie-File-1.06-483.el9.noarch                  106/215
[INFO]   Installing       : perl-Text-Template-1.59-5.el9.0.1.noarch           107/215
[INFO]   Installing       : perl-Text-Glob-0.11-15.el9.noarch                  108/215
[INFO]   Installing       : perl-Text-Abbrev-1.02-483.el9.noarch               109/215
[INFO]   Installing       : perl-Test-1.31-483.el9.noarch                      110/215
[INFO]   Installing       : perl-Term-Size-Perl-0.031-12.el9.x86_64            111/215
[INFO]   Installing       : perl-Term-Size-Any-0.002-35.el9.0.1.noarch         112/215
[INFO]   Installing       : perl-Term-Complete-1.403-483.el9.noarch            113/215
[INFO]   Installing       : perl-Sys-Syslog-0.36-461.el9.x86_64                114/215
[INFO]   Installing       : perl-Search-Dict-1.07-483.el9.noarch               115/215
[INFO]   Installing       : perl-Pod-Functions-1.13-483.el9.noarch             116/215
[INFO]   Installing       : perl-Pod-Checker-4:1.74-4.el9.noarch               117/215
[INFO]   Installing       : perl-PerlIO-via-QuotedPrint-0.09-4.el9.noarch      118/215
[INFO]   Installing       : perl-Package-Generator-1.106-23.el9.noarch         119/215
[INFO]   Installing       : perl-Sub-Exporter-0.987-27.el9.0.1.noarch          120/215
[INFO]   Installing       : perl-Object-HashBase-0.009-7.el9.noarch            121/215
[INFO]   Installing       : perl-ODBM_File-1.16-483.el9.x86_64                 122/215
[INFO]   Installing       : perl-Net-1.02-483.el9.noarch                       123/215
[INFO]   Installing       : perl-NEXT-0.67-483.el9.noarch                      124/215
[INFO]   Installing       : perl-Module-Loaded-1:0.08-483.el9.noarch           125/215
[INFO]   Installing       : perl-Memoize-1.03-483.el9.noarch                   126/215
[INFO]   Installing       : perl-MRO-Compat-0.13-15.el9.0.1.noarch             127/215
[INFO]   Installing       : perl-Data-Section-0.200007-14.el9.0.1.noarch       128/215
[INFO]   Installing       : perl-Software-License-0.103014-12.el9.0.1.noarch   129/215
[INFO]   Installing       : perl-MIME-Charset-1.012.2-15.el9.0.1.noarch        130/215
[INFO]   Installing       : perl-Importer-0.026-4.el9.noarch                   131/215
[INFO]   Installing       : perl-IPC-System-Simple-1.30-6.el9.noarch           132/215
[INFO]   Installing       : perl-autodie-2.34-4.el9.0.1.noarch                 133/215
[INFO]   Installing       : perl-IPC-SysV-2.09-4.el9.x86_64                    134/215
[INFO]   Installing       : perl-I18N-Collate-1.02-483.el9.noarch              135/215
[INFO]   Installing       : perl-GDBM_File-1.18-483.el9.x86_64                 136/215
[INFO]   Installing       : perl-FindBin-1.51-483.el9.noarch                   137/215
[INFO]   Installing       : perl-FileCache-1.10-483.el9.noarch                 138/215
[INFO]   Installing       : perl-File-Which-1.23-10.el9.noarch                 139/215
[INFO]   Installing       : perl-File-HomeDir-1.006-4.el9.noarch               140/215
[INFO]   Installing       : perl-File-DosGlob-1.12-483.el9.x86_64              141/215
[INFO]   Installing       : perl-English-1.11-483.el9.noarch                   142/215
[INFO]   Installing       : perl-Digest-SHA1-2.13-34.el9.x86_64                143/215
[INFO]   Installing       : perl-Devel-Size-0.83-10.el9.x86_64                 144/215
[INFO]   Installing       : perl-DB_File-1.855-4.el9.x86_64                    145/215
[INFO]   Installing       : perl-Config-Perl-V-0.33-4.el9.noarch               146/215
[INFO]   Installing       : perl-Config-Extensions-0.03-483.el9.noarch         147/215
[INFO]   Installing       : perl-Compress-Raw-Lzma-2.101-3.el9.x86_64          148/215
[INFO]   Installing       : perl-IO-Compress-Lzma-2.101-4.el9.0.1.noarch       149/215
[INFO]   Installing       : perl-Compress-Bzip2-2.28-5.el9.x86_64              150/215
[INFO]   Installing       : perl-CPAN-DistnameInfo-0.12-23.el9.0.1.noarch      151/215
[INFO]   Installing       : perl-Attribute-Handlers-1.01-483.el9.noarch        152/215
[INFO]   Installing       : perl-Algorithm-Diff-1.2010-4.el9.0.1.noarch        153/215
[INFO]   Installing       : perl-Text-Diff-1.45-13.el9.noarch                  154/215
[INFO]   Installing       : perl-Archive-Tar-2.38-6.el9_8.2.noarch             155/215
[INFO]   Installing       : perl-Module-Signature-0.88-1.el9.0.1.noarch        156/215
[INFO]   Installing       : openblas-srpm-macros-2-11.el9.noarch               157/215
[INFO]   Installing       : ocaml-srpm-macros-6-6.el9.noarch                   158/215
[INFO]   Installing       : lua-srpm-macros-1-6.el9.noarch                     159/215
[INFO]   Installing       : llvm-filesystem-21.1.8-2.el9.x86_64                160/215
[INFO]   Installing       : llvm-libs-21.1.8-2.el9.x86_64                      161/215
[INFO]   Installing       : libstdc++-devel-11.5.0-14.el9.x86_64               162/215
[INFO]   Installing       : libdatrie-0.2.13-4.el9.x86_64                      163/215
[INFO]   Installing       : libthai-0.1.28-8.el9.x86_64                        164/215
[INFO]   Installing       : sombok-2.4.0-16.el9.x86_64                         165/215
[INFO]   Installing       : perl-Unicode-LineBreak-2019.001-11.el9.x86_64      166/215
[INFO]   Installing       : perl-Term-Table-0.015-8.el9.0.1.noarch             167/215
[INFO]   Installing       : perl-Test-Simple-3:1.302183-4.el9.noarch           168/215
[INFO]   Installing       : kernel-srpm-macros-1.0-14.el9.noarch               169/215
[INFO]   Installing       : kernel-headers-5.14.0-687.46.1.el9_8.x86_64        170/215
[INFO]   Installing       : glibc-headers-2.34-266.el9_8.x86_64                171/215
[INFO]   Installing       : ghc-srpm-macros-1.5.0-6.el9.noarch                 172/215
[INFO]   Installing       : efi-srpm-macros-6-4.el9.noarch                     173/215
[INFO]   Installing       : dwz-0.16-1.el9.x86_64                              174/215
[INFO]   Installing       : unzip-6.0-60.el9_8.x86_64                          175/215
[INFO]   Installing       : zip-3.0-35.el9.x86_64                              176/215
[INFO]   Installing       : python3-pyparsing-2.4.7-9.el9.0.1.noarch           177/215
[INFO]   Installing       : systemtap-sdt-dtrace-5.4-4.el9.x86_64              178/215
[INFO]   Installing       : systemtap-sdt-devel-5.4-4.el9.x86_64               179/215
[INFO]   Installing       : pkgconf-m4-1.7.3-10.el9.noarch                     180/215
[INFO]   Installing       : libpkgconf-1.7.3-10.el9.x86_64                     181/215
[INFO]   Installing       : pkgconf-1.7.3-10.el9.x86_64                        182/215
[INFO]   Installing       : pkgconf-pkg-config-1.7.3-10.el9.x86_64             183/215
[INFO]   Installing       : glibc-devel-2.34-266.el9_8.x86_64                  184/215
[INFO]   Installing       : libxcrypt-devel-4.4.18-3.el9.x86_64                185/215
[INFO]   Installing       : gcc-11.5.0-14.el9.x86_64                           186/215
[INFO]   Installing       : perl-Filter-2:1.60-4.el9.x86_64                    187/215
[INFO]   Installing       : perl-encoding-4:3.00-462.el9.x86_64                188/215
[INFO]   Installing       : perl-open-1.12-483.el9.noarch                      189/215
[INFO]   Installing       : perl-Filter-Simple-0.96-460.el9.noarch             190/215
[INFO]   Installing       : annobin-12.98-2.el9.x86_64                         191/215
[INFO]   Installing       : gcc-c++-11.5.0-14.el9.x86_64                       192/215
[INFO]   Installing       : gcc-plugin-annobin-11.5.0-14.el9.x86_64            193/215
[INFO]   Installing       : fonts-srpm-macros-1:2.0.5-7.el9.1.noarch           194/215
[INFO]   Installing       : go-srpm-macros-3.8.1-1.el9.noarch                  195/215
[INFO]   Installing       : python-srpm-macros-3.9-54.el9.noarch               196/215
[INFO]   Installing       : redhat-rpm-config-210-1.el9.noarch                 197/215
[INFO]   Running scriptlet: redhat-rpm-config-210-1.el9.noarch                 197/215
[INFO]   Installing       : perl-ExtUtils-Install-2.20-4.el9.0.1.noarch        198/215
[INFO]   Installing       : perl-devel-4:5.32.1-483.el9.x86_64                 199/215
[INFO]   Installing       : perl-ExtUtils-MakeMaker-2:7.60-3.el9.0.1.noarch    200/215
[INFO]   Installing       : perl-ExtUtils-CBuilder-1:0.280236-5.el9.noarch     201/215
[INFO]   Installing       : perl-ExtUtils-Embed-1.35-483.el9.noarch            202/215
[INFO]   Installing       : perl-ExtUtils-Miniperl-1.09-483.el9.noarch         203/215
[INFO]   Installing       : perl-libnetcfg-4:5.32.1-483.el9.noarch             204/215
[INFO]   Installing       : perl-Encode-devel-4:3.08-462.el9.x86_64            205/215
[INFO]   Installing       : perl-inc-latest-2:0.500-20.el9.noarch              206/215
[INFO]   Installing       : perl-Module-Build-2:0.42.31-9.el9.noarch           207/215
[INFO]   Installing       : perl-CPAN-2.29-5.el9_6.noarch                      208/215
[INFO]   Installing       : perl-4:5.32.1-483.el9.x86_64                       209/215
[INFO]   Upgrading        : curl-7.76.1-40.el9_8.5.x86_64                      210/215
[INFO]   Upgrading        : tar-2:1.34-13.el9_8.x86_64                         211/215
[INFO]   Installing       : wget-1.21.1-11.el9_8.x86_64                        212/215
[INFO]   Cleanup          : curl-7.76.1-40.el9.x86_64                          213/215
[INFO]   Cleanup          : libcurl-7.76.1-40.el9.x86_64                       214/215
[INFO]   Cleanup          : tar-2:1.34-11.el9.x86_64                           215/215
[INFO]   Running scriptlet: tar-2:1.34-11.el9.x86_64                           215/215
[INFO]   Verifying        : libpkgconf-1.7.3-10.el9.x86_64                       1/215
[INFO]   Verifying        : make-1:4.3-8.el9.x86_64                              2/215
[INFO]   Verifying        : pkgconf-1.7.3-10.el9.x86_64                          3/215
[INFO]   Verifying        : pkgconf-m4-1.7.3-10.el9.noarch                       4/215
[INFO]   Verifying        : pkgconf-pkg-config-1.7.3-10.el9.x86_64               5/215
[INFO]   Verifying        : python3-pyparsing-2.4.7-9.el9.0.1.noarch             6/215
[INFO]   Verifying        : unzip-6.0-60.el9_8.x86_64                            7/215
[INFO]   Verifying        : zip-3.0-35.el9.x86_64                                8/215
[INFO]   Verifying        : annobin-12.98-2.el9.x86_64                           9/215
[INFO]   Verifying        : cpp-11.5.0-14.el9.x86_64                            10/215
[INFO]   Verifying        : dwz-0.16-1.el9.x86_64                               11/215
[INFO]   Verifying        : efi-srpm-macros-6-4.el9.noarch                      12/215
[INFO]   Verifying        : fonts-srpm-macros-1:2.0.5-7.el9.1.noarch            13/215
[INFO]   Verifying        : gcc-11.5.0-14.el9.x86_64                            14/215
[INFO]   Verifying        : gcc-c++-11.5.0-14.el9.x86_64                        15/215
[INFO]   Verifying        : gcc-plugin-annobin-11.5.0-14.el9.x86_64             16/215
[INFO]   Verifying        : ghc-srpm-macros-1.5.0-6.el9.noarch                  17/215
[INFO]   Verifying        : glibc-devel-2.34-266.el9_8.x86_64                   18/215
[INFO]   Verifying        : glibc-headers-2.34-266.el9_8.x86_64                 19/215
[INFO]   Verifying        : go-srpm-macros-3.8.1-1.el9.noarch                   20/215
[INFO]   Verifying        : kernel-headers-5.14.0-687.46.1.el9_8.x86_64         21/215
[INFO]   Verifying        : kernel-srpm-macros-1.0-14.el9.noarch                22/215
[INFO]   Verifying        : libdatrie-0.2.13-4.el9.x86_64                       23/215
[INFO]   Verifying        : libmpc-1.2.1-4.el9.x86_64                           24/215
[INFO]   Verifying        : libstdc++-devel-11.5.0-14.el9.x86_64                25/215
[INFO]   Verifying        : libthai-0.1.28-8.el9.x86_64                         26/215
[INFO]   Verifying        : libxcrypt-devel-4.4.18-3.el9.x86_64                 27/215
[INFO]   Verifying        : llvm-filesystem-21.1.8-2.el9.x86_64                 28/215
[INFO]   Verifying        : llvm-libs-21.1.8-2.el9.x86_64                       29/215
[INFO]   Verifying        : lua-srpm-macros-1-6.el9.noarch                      30/215
[INFO]   Verifying        : ocaml-srpm-macros-6-6.el9.noarch                    31/215
[INFO]   Verifying        : openblas-srpm-macros-2-11.el9.noarch                32/215
[INFO]   Verifying        : perl-4:5.32.1-483.el9.x86_64                        33/215
[INFO]   Verifying        : perl-Algorithm-Diff-1.2010-4.el9.0.1.noarch         34/215
[INFO]   Verifying        : perl-Archive-Tar-2.38-6.el9_8.2.noarch              35/215
[INFO]   Verifying        : perl-Archive-Zip-1.68-6.el9.noarch                  36/215
[INFO]   Verifying        : perl-Attribute-Handlers-1.01-483.el9.noarch         37/215
[INFO]   Verifying        : perl-AutoSplit-5.74-483.el9.noarch                  38/215
[INFO]   Verifying        : perl-Benchmark-1.23-483.el9.noarch                  39/215
[INFO]   Verifying        : perl-CPAN-2.29-5.el9_6.noarch                       40/215
[INFO]   Verifying        : perl-CPAN-DistnameInfo-0.12-23.el9.0.1.noarch       41/215
[INFO]   Verifying        : perl-CPAN-Meta-2.150010-460.el9.0.1.noarch          42/215
[INFO]   Verifying        : perl-CPAN-Meta-Requirements-2.140-461.el9.0.1.no    43/215
[INFO]   Verifying        : perl-CPAN-Meta-YAML-0.018-461.el9.noarch            44/215
[INFO]   Verifying        : perl-Compress-Bzip2-2.28-5.el9.x86_64               45/215
[INFO]   Verifying        : perl-Compress-Raw-Bzip2-2.101-5.el9.x86_64          46/215
[INFO]   Verifying        : perl-Compress-Raw-Lzma-2.101-3.el9.x86_64           47/215
[INFO]   Verifying        : perl-Compress-Raw-Zlib-2.101-5.el9.x86_64           48/215
[INFO]   Verifying        : perl-Config-Extensions-0.03-483.el9.noarch          49/215
[INFO]   Verifying        : perl-Config-Perl-V-0.33-4.el9.noarch                50/215
[INFO]   Verifying        : perl-DBM_Filter-0.06-483.el9.noarch                 51/215
[INFO]   Verifying        : perl-DB_File-1.855-4.el9.x86_64                     52/215
[INFO]   Verifying        : perl-Data-OptList-0.110-17.el9.0.1.noarch           53/215
[INFO]   Verifying        : perl-Data-Section-0.200007-14.el9.0.1.noarch        54/215
[INFO]   Verifying        : perl-Devel-PPPort-3.62-4.el9.x86_64                 55/215
[INFO]   Verifying        : perl-Devel-Peek-1.28-483.el9.x86_64                 56/215
[INFO]   Verifying        : perl-Devel-SelfStubber-1.06-483.el9.noarch          57/215
[INFO]   Verifying        : perl-Devel-Size-0.83-10.el9.x86_64                  58/215
[INFO]   Verifying        : perl-Digest-SHA-1:6.02-461.el9.x86_64               59/215
[INFO]   Verifying        : perl-Digest-SHA1-2.13-34.el9.x86_64                 60/215
[INFO]   Verifying        : perl-DirHandle-1.05-483.el9.noarch                  61/215
[INFO]   Verifying        : perl-Dumpvalue-2.27-483.el9.noarch                  62/215
[INFO]   Verifying        : perl-Encode-Locale-1.05-21.el9.noarch               63/215
[INFO]   Verifying        : perl-Encode-devel-4:3.08-462.el9.x86_64             64/215
[INFO]   Verifying        : perl-English-1.11-483.el9.noarch                    65/215
[INFO]   Verifying        : perl-Env-1.04-460.el9.0.1.noarch                    66/215
[INFO]   Verifying        : perl-ExtUtils-CBuilder-1:0.280236-5.el9.noarch      67/215
[INFO]   Verifying        : perl-ExtUtils-Command-2:7.60-3.el9.0.1.noarch       68/215
[INFO]   Verifying        : perl-ExtUtils-Constant-0.25-483.el9.noarch          69/215
[INFO]   Verifying        : perl-ExtUtils-Embed-1.35-483.el9.noarch             70/215
[INFO]   Verifying        : perl-ExtUtils-Install-2.20-4.el9.0.1.noarch         71/215
[INFO]   Verifying        : perl-ExtUtils-MM-Utils-2:7.60-3.el9.0.1.noarch      72/215
[INFO]   Verifying        : perl-ExtUtils-MakeMaker-2:7.60-3.el9.0.1.noarch     73/215
[INFO]   Verifying        : perl-ExtUtils-Manifest-1:1.73-4.el9.0.1.noarch      74/215
[INFO]   Verifying        : perl-ExtUtils-Miniperl-1.09-483.el9.noarch          75/215
[INFO]   Verifying        : perl-ExtUtils-ParseXS-1:3.40-460.el9.noarch         76/215
[INFO]   Verifying        : perl-File-Compare-1.100.600-483.el9.noarch          77/215
[INFO]   Verifying        : perl-File-Copy-2.34-483.el9.noarch                  78/215
[INFO]   Verifying        : perl-File-DosGlob-1.12-483.el9.x86_64               79/215
[INFO]   Verifying        : perl-File-Fetch-1.00-4.el9.noarch                   80/215
[INFO]   Verifying        : perl-File-Find-1.37-483.el9.noarch                  81/215
[INFO]   Verifying        : perl-File-HomeDir-1.006-4.el9.noarch                82/215
[INFO]   Verifying        : perl-File-Which-1.23-10.el9.noarch                  83/215
[INFO]   Verifying        : perl-FileCache-1.10-483.el9.noarch                  84/215
[INFO]   Verifying        : perl-Filter-2:1.60-4.el9.x86_64                     85/215
[INFO]   Verifying        : perl-Filter-Simple-0.96-460.el9.noarch              86/215
[INFO]   Verifying        : perl-FindBin-1.51-483.el9.noarch                    87/215
[INFO]   Verifying        : perl-GDBM_File-1.18-483.el9.x86_64                  88/215
[INFO]   Verifying        : perl-Hash-Util-0.23-483.el9.x86_64                  89/215
[INFO]   Verifying        : perl-Hash-Util-FieldHash-1.20-483.el9.x86_64        90/215
[INFO]   Verifying        : perl-I18N-Collate-1.02-483.el9.noarch               91/215
[INFO]   Verifying        : perl-I18N-LangTags-0.44-483.el9.noarch              92/215
[INFO]   Verifying        : perl-I18N-Langinfo-0.19-483.el9.x86_64              93/215
[INFO]   Verifying        : perl-IO-Compress-2.102-4.el9_8.1.noarch             94/215
[INFO]   Verifying        : perl-IO-Compress-Lzma-2.101-4.el9.0.1.noarch        95/215
[INFO]   Verifying        : perl-IO-Zlib-1:1.11-4.el9.0.1.noarch                96/215
[INFO]   Verifying        : perl-IPC-Cmd-2:1.04-461.el9.noarch                  97/215
[INFO]   Verifying        : perl-IPC-SysV-2.09-4.el9.x86_64                     98/215
[INFO]   Verifying        : perl-IPC-System-Simple-1.30-6.el9.noarch            99/215
[INFO]   Verifying        : perl-Importer-0.026-4.el9.noarch                   100/215
[INFO]   Verifying        : perl-JSON-PP-1:4.06-4.el9.noarch                   101/215
[INFO]   Verifying        : perl-Locale-Maketext-1.29-461.el9.noarch           102/215
[INFO]   Verifying        : perl-Locale-Maketext-Simple-1:0.21-483.el9.noarc   103/215
[INFO]   Verifying        : perl-MIME-Charset-1.012.2-15.el9.0.1.noarch        104/215
[INFO]   Verifying        : perl-MRO-Compat-0.13-15.el9.0.1.noarch             105/215
[INFO]   Verifying        : perl-Math-BigInt-1:1.9998.18-460.el9.noarch        106/215
[INFO]   Verifying        : perl-Math-BigInt-FastCalc-0.500.900-460.el9.x86_   107/215
[INFO]   Verifying        : perl-Math-BigRat-0.2614-460.el9.noarch             108/215
[INFO]   Verifying        : perl-Math-Complex-1.59-483.el9.noarch              109/215
[INFO]   Verifying        : perl-Memoize-1.03-483.el9.noarch                   110/215
[INFO]   Verifying        : perl-Module-Build-2:0.42.31-9.el9.noarch           111/215
[INFO]   Verifying        : perl-Module-CoreList-1:5.20240609-1.el9.noarch     112/215
[INFO]   Verifying        : perl-Module-CoreList-tools-1:5.20240609-1.el9.no   113/215
[INFO]   Verifying        : perl-Module-Load-1:0.36-4.el9.noarch               114/215
[INFO]   Verifying        : perl-Module-Load-Conditional-0.74-4.el9.0.1.noar   115/215
[INFO]   Verifying        : perl-Module-Loaded-1:0.08-483.el9.noarch           116/215
[INFO]   Verifying        : perl-Module-Metadata-1.000037-460.el9.noarch       117/215
[INFO]   Verifying        : perl-Module-Signature-0.88-1.el9.0.1.noarch        118/215
[INFO]   Verifying        : perl-NEXT-0.67-483.el9.noarch                      119/215
[INFO]   Verifying        : perl-Net-1.02-483.el9.noarch                       120/215
[INFO]   Verifying        : perl-Net-Ping-2.74-5.el9.0.1.noarch                121/215
[INFO]   Verifying        : perl-ODBM_File-1.16-483.el9.x86_64                 122/215
[INFO]   Verifying        : perl-Object-HashBase-0.009-7.el9.noarch            123/215
[INFO]   Verifying        : perl-Opcode-1.48-483.el9.x86_64                    124/215
[INFO]   Verifying        : perl-Package-Generator-1.106-23.el9.noarch         125/215
[INFO]   Verifying        : perl-Params-Check-1:0.38-461.el9.0.1.noarch        126/215
[INFO]   Verifying        : perl-Params-Util-1.102-5.el9.x86_64                127/215
[INFO]   Verifying        : perl-Perl-OSType-1.010-461.el9.0.1.noarch          128/215
[INFO]   Verifying        : perl-PerlIO-via-QuotedPrint-0.09-4.el9.noarch      129/215
[INFO]   Verifying        : perl-Pod-Checker-4:1.74-4.el9.noarch               130/215
[INFO]   Verifying        : perl-Pod-Functions-1.13-483.el9.noarch             131/215
[INFO]   Verifying        : perl-Pod-Html-1.25-483.el9.noarch                  132/215
[INFO]   Verifying        : perl-Safe-2.41-483.el9.noarch                      133/215
[INFO]   Verifying        : perl-Search-Dict-1.07-483.el9.noarch               134/215
[INFO]   Verifying        : perl-SelfLoader-1.26-483.el9.noarch                135/215
[INFO]   Verifying        : perl-Software-License-0.103014-12.el9.0.1.noarch   136/215
[INFO]   Verifying        : perl-Sub-Exporter-0.987-27.el9.0.1.noarch          137/215
[INFO]   Verifying        : perl-Sub-Install-0.928-28.el9.0.1.noarch           138/215
[INFO]   Verifying        : perl-Sys-Hostname-1.23-483.el9.x86_64              139/215
[INFO]   Verifying        : perl-Sys-Syslog-0.36-461.el9.x86_64                140/215
[INFO]   Verifying        : perl-Term-Complete-1.403-483.el9.noarch            141/215
[INFO]   Verifying        : perl-Term-ReadLine-1.17-483.el9.noarch             142/215
[INFO]   Verifying        : perl-Term-Size-Any-0.002-35.el9.0.1.noarch         143/215
[INFO]   Verifying        : perl-Term-Size-Perl-0.031-12.el9.x86_64            144/215
[INFO]   Verifying        : perl-Term-Table-0.015-8.el9.0.1.noarch             145/215
[INFO]   Verifying        : perl-Test-1.31-483.el9.noarch                      146/215
[INFO]   Verifying        : perl-Test-Harness-1:3.42-461.el9.noarch            147/215
[INFO]   Verifying        : perl-Test-Simple-3:1.302183-4.el9.noarch           148/215
[INFO]   Verifying        : perl-Text-Abbrev-1.02-483.el9.noarch               149/215
[INFO]   Verifying        : perl-Text-Balanced-2.04-4.el9.noarch               150/215
[INFO]   Verifying        : perl-Text-Diff-1.45-13.el9.noarch                  151/215
[INFO]   Verifying        : perl-Text-Glob-0.11-15.el9.noarch                  152/215
[INFO]   Verifying        : perl-Text-Template-1.59-5.el9.0.1.noarch           153/215
[INFO]   Verifying        : perl-Thread-3.05-483.el9.noarch                    154/215
[INFO]   Verifying        : perl-Thread-Queue-3.14-460.el9.0.1.noarch          155/215
[INFO]   Verifying        : perl-Thread-Semaphore-2.13-483.el9.noarch          156/215
[INFO]   Verifying        : perl-Tie-4.6-483.el9.noarch                        157/215
[INFO]   Verifying        : perl-Tie-File-1.06-483.el9.noarch                  158/215
[INFO]   Verifying        : perl-Tie-Memoize-1.1-483.el9.noarch                159/215
[INFO]   Verifying        : perl-Tie-RefHash-1.40-4.el9.0.1.noarch             160/215
[INFO]   Verifying        : perl-Time-1.03-483.el9.noarch                      161/215
[INFO]   Verifying        : perl-Time-HiRes-4:1.9764-462.el9.x86_64            162/215
[INFO]   Verifying        : perl-Time-Piece-1.3401-483.el9.x86_64              163/215
[INFO]   Verifying        : perl-Unicode-Collate-1.29-4.el9.x86_64             164/215
[INFO]   Verifying        : perl-Unicode-LineBreak-2019.001-11.el9.x86_64      165/215
[INFO]   Verifying        : perl-Unicode-Normalize-1.27-461.el9.x86_64         166/215
[INFO]   Verifying        : perl-Unicode-UCD-0.75-483.el9.noarch               167/215
[INFO]   Verifying        : perl-User-pwent-1.03-483.el9.noarch                168/215
[INFO]   Verifying        : perl-autodie-2.34-4.el9.0.1.noarch                 169/215
[INFO]   Verifying        : perl-autouse-1.11-483.el9.noarch                   170/215
[INFO]   Verifying        : perl-bignum-0.51-460.el9.noarch                    171/215
[INFO]   Verifying        : perl-blib-1.07-483.el9.noarch                      172/215
[INFO]   Verifying        : perl-debugger-1.56-483.el9.noarch                  173/215
[INFO]   Verifying        : perl-deprecate-0.04-483.el9.noarch                 174/215
[INFO]   Verifying        : perl-devel-4:5.32.1-483.el9.x86_64                 175/215
[INFO]   Verifying        : perl-diagnostics-1.37-483.el9.noarch               176/215
[INFO]   Verifying        : perl-doc-5.32.1-483.el9.noarch                     177/215
[INFO]   Verifying        : perl-encoding-4:3.00-462.el9.x86_64                178/215
[INFO]   Verifying        : perl-encoding-warnings-0.13-483.el9.noarch         179/215
[INFO]   Verifying        : perl-experimental-0.022-6.el9.noarch               180/215
[INFO]   Verifying        : perl-fields-2.27-483.el9.noarch                    181/215
[INFO]   Verifying        : perl-filetest-1.03-483.el9.noarch                  182/215
[INFO]   Verifying        : perl-inc-latest-2:0.500-20.el9.noarch              183/215
[INFO]   Verifying        : perl-less-0.03-483.el9.noarch                      184/215
[INFO]   Verifying        : perl-libnetcfg-4:5.32.1-483.el9.noarch             185/215
[INFO]   Verifying        : perl-local-lib-2.000024-13.el9.noarch              186/215
[INFO]   Verifying        : perl-locale-1.09-483.el9.noarch                    187/215
[INFO]   Verifying        : perl-macros-4:5.32.1-483.el9.noarch                188/215
[INFO]   Verifying        : perl-meta-notation-5.32.1-483.el9.noarch           189/215
[INFO]   Verifying        : perl-open-1.12-483.el9.noarch                      190/215
[INFO]   Verifying        : perl-perlfaq-5.20210520-1.el9.noarch               191/215
[INFO]   Verifying        : perl-ph-5.32.1-483.el9.x86_64                      192/215
[INFO]   Verifying        : perl-sigtrap-1.09-483.el9.noarch                   193/215
[INFO]   Verifying        : perl-sort-2.04-483.el9.noarch                      194/215
[INFO]   Verifying        : perl-srpm-macros-1-41.el9.noarch                   195/215
[INFO]   Verifying        : perl-threads-1:2.25-460.el9.x86_64                 196/215
[INFO]   Verifying        : perl-threads-shared-1.61-460.el9.0.1.x86_64        197/215
[INFO]   Verifying        : perl-utils-5.32.1-483.el9.noarch                   198/215
[INFO]   Verifying        : perl-version-7:0.99.28-4.el9.x86_64                199/215
[INFO]   Verifying        : perl-vmsish-1.04-483.el9.noarch                    200/215
[INFO]   Verifying        : pyproject-srpm-macros-1.18.5-1.el9.noarch          201/215
[INFO]   Verifying        : python-srpm-macros-3.9-54.el9.noarch               202/215
[INFO]   Verifying        : qt5-srpm-macros-5.15.9-1.el9.noarch                203/215
[INFO]   Verifying        : redhat-rpm-config-210-1.el9.noarch                 204/215
[INFO]   Verifying        : rust-srpm-macros-17-4.el9.noarch                   205/215
[INFO]   Verifying        : sombok-2.4.0-16.el9.x86_64                         206/215
[INFO]   Verifying        : systemtap-sdt-devel-5.4-4.el9.x86_64               207/215
[INFO]   Verifying        : systemtap-sdt-dtrace-5.4-4.el9.x86_64              208/215
[INFO]   Verifying        : wget-1.21.1-11.el9_8.x86_64                        209/215
[INFO]   Verifying        : curl-7.76.1-40.el9_8.5.x86_64                      210/215
[INFO]   Verifying        : curl-7.76.1-40.el9.x86_64                          211/215
[INFO]   Verifying        : libcurl-7.76.1-40.el9_8.5.x86_64                   212/215
[INFO]   Verifying        : libcurl-7.76.1-40.el9.x86_64                       213/215
[INFO]   Verifying        : tar-2:1.34-13.el9_8.x86_64                         214/215
[INFO]   Verifying        : tar-2:1.34-11.el9.x86_64                           215/215
[INFO]
[INFO] Upgraded:
[INFO]   curl-7.76.1-40.el9_8.5.x86_64         libcurl-7.76.1-40.el9_8.5.x86_64
[INFO]   tar-2:1.34-13.el9_8.x86_64
[INFO] Installed:
[INFO]   annobin-12.98-2.el9.x86_64
[INFO]   cpp-11.5.0-14.el9.x86_64
[INFO]   dwz-0.16-1.el9.x86_64
[INFO]   efi-srpm-macros-6-4.el9.noarch
[INFO]   fonts-srpm-macros-1:2.0.5-7.el9.1.noarch
[INFO]   gcc-11.5.0-14.el9.x86_64
[INFO]   gcc-c++-11.5.0-14.el9.x86_64
[INFO]   gcc-plugin-annobin-11.5.0-14.el9.x86_64
[INFO]   ghc-srpm-macros-1.5.0-6.el9.noarch
[INFO]   glibc-devel-2.34-266.el9_8.x86_64
[INFO]   glibc-headers-2.34-266.el9_8.x86_64
[INFO]   go-srpm-macros-3.8.1-1.el9.noarch
[INFO]   kernel-headers-5.14.0-687.46.1.el9_8.x86_64
[INFO]   kernel-srpm-macros-1.0-14.el9.noarch
[INFO]   libdatrie-0.2.13-4.el9.x86_64
[INFO]   libmpc-1.2.1-4.el9.x86_64
[INFO]   libpkgconf-1.7.3-10.el9.x86_64
[INFO]   libstdc++-devel-11.5.0-14.el9.x86_64
[INFO]   libthai-0.1.28-8.el9.x86_64
[INFO]   libxcrypt-devel-4.4.18-3.el9.x86_64
[INFO]   llvm-filesystem-21.1.8-2.el9.x86_64
[INFO]   llvm-libs-21.1.8-2.el9.x86_64
[INFO]   lua-srpm-macros-1-6.el9.noarch
[INFO]   make-1:4.3-8.el9.x86_64
[INFO]   ocaml-srpm-macros-6-6.el9.noarch
[INFO]   openblas-srpm-macros-2-11.el9.noarch
[INFO]   perl-4:5.32.1-483.el9.x86_64
[INFO]   perl-Algorithm-Diff-1.2010-4.el9.0.1.noarch
[INFO]   perl-Archive-Tar-2.38-6.el9_8.2.noarch
[INFO]   perl-Archive-Zip-1.68-6.el9.noarch
[INFO]   perl-Attribute-Handlers-1.01-483.el9.noarch
[INFO]   perl-AutoSplit-5.74-483.el9.noarch
[INFO]   perl-Benchmark-1.23-483.el9.noarch
[INFO]   perl-CPAN-2.29-5.el9_6.noarch
[INFO]   perl-CPAN-DistnameInfo-0.12-23.el9.0.1.noarch
[INFO]   perl-CPAN-Meta-2.150010-460.el9.0.1.noarch
[INFO]   perl-CPAN-Meta-Requirements-2.140-461.el9.0.1.noarch
[INFO]   perl-CPAN-Meta-YAML-0.018-461.el9.noarch
[INFO]   perl-Compress-Bzip2-2.28-5.el9.x86_64
[INFO]   perl-Compress-Raw-Bzip2-2.101-5.el9.x86_64
[INFO]   perl-Compress-Raw-Lzma-2.101-3.el9.x86_64
[INFO]   perl-Compress-Raw-Zlib-2.101-5.el9.x86_64
[INFO]   perl-Config-Extensions-0.03-483.el9.noarch
[INFO]   perl-Config-Perl-V-0.33-4.el9.noarch
[INFO]   perl-DBM_Filter-0.06-483.el9.noarch
[INFO]   perl-DB_File-1.855-4.el9.x86_64
[INFO]   perl-Data-OptList-0.110-17.el9.0.1.noarch
[INFO]   perl-Data-Section-0.200007-14.el9.0.1.noarch
[INFO]   perl-Devel-PPPort-3.62-4.el9.x86_64
[INFO]   perl-Devel-Peek-1.28-483.el9.x86_64
[INFO]   perl-Devel-SelfStubber-1.06-483.el9.noarch
[INFO]   perl-Devel-Size-0.83-10.el9.x86_64
[INFO]   perl-Digest-SHA-1:6.02-461.el9.x86_64
[INFO]   perl-Digest-SHA1-2.13-34.el9.x86_64
[INFO]   perl-DirHandle-1.05-483.el9.noarch
[INFO]   perl-Dumpvalue-2.27-483.el9.noarch
[INFO]   perl-Encode-Locale-1.05-21.el9.noarch
[INFO]   perl-Encode-devel-4:3.08-462.el9.x86_64
[INFO]   perl-English-1.11-483.el9.noarch
[INFO]   perl-Env-1.04-460.el9.0.1.noarch
[INFO]   perl-ExtUtils-CBuilder-1:0.280236-5.el9.noarch
[INFO]   perl-ExtUtils-Command-2:7.60-3.el9.0.1.noarch
[INFO]   perl-ExtUtils-Constant-0.25-483.el9.noarch
[INFO]   perl-ExtUtils-Embed-1.35-483.el9.noarch
[INFO]   perl-ExtUtils-Install-2.20-4.el9.0.1.noarch
[INFO]   perl-ExtUtils-MM-Utils-2:7.60-3.el9.0.1.noarch
[INFO]   perl-ExtUtils-MakeMaker-2:7.60-3.el9.0.1.noarch
[INFO]   perl-ExtUtils-Manifest-1:1.73-4.el9.0.1.noarch
[INFO]   perl-ExtUtils-Miniperl-1.09-483.el9.noarch
[INFO]   perl-ExtUtils-ParseXS-1:3.40-460.el9.noarch
[INFO]   perl-File-Compare-1.100.600-483.el9.noarch
[INFO]   perl-File-Copy-2.34-483.el9.noarch
[INFO]   perl-File-DosGlob-1.12-483.el9.x86_64
[INFO]   perl-File-Fetch-1.00-4.el9.noarch
[INFO]   perl-File-Find-1.37-483.el9.noarch
[INFO]   perl-File-HomeDir-1.006-4.el9.noarch
[INFO]   perl-File-Which-1.23-10.el9.noarch
[INFO]   perl-FileCache-1.10-483.el9.noarch
[INFO]   perl-Filter-2:1.60-4.el9.x86_64
[INFO]   perl-Filter-Simple-0.96-460.el9.noarch
[INFO]   perl-FindBin-1.51-483.el9.noarch
[INFO]   perl-GDBM_File-1.18-483.el9.x86_64
[INFO]   perl-Hash-Util-0.23-483.el9.x86_64
[INFO]   perl-Hash-Util-FieldHash-1.20-483.el9.x86_64
[INFO]   perl-I18N-Collate-1.02-483.el9.noarch
[INFO]   perl-I18N-LangTags-0.44-483.el9.noarch
[INFO]   perl-I18N-Langinfo-0.19-483.el9.x86_64
[INFO]   perl-IO-Compress-2.102-4.el9_8.1.noarch
[INFO]   perl-IO-Compress-Lzma-2.101-4.el9.0.1.noarch
[INFO]   perl-IO-Zlib-1:1.11-4.el9.0.1.noarch
[INFO]   perl-IPC-Cmd-2:1.04-461.el9.noarch
[INFO]   perl-IPC-SysV-2.09-4.el9.x86_64
[INFO]   perl-IPC-System-Simple-1.30-6.el9.noarch
[INFO]   perl-Importer-0.026-4.el9.noarch
[INFO]   perl-JSON-PP-1:4.06-4.el9.noarch
[INFO]   perl-Locale-Maketext-1.29-461.el9.noarch
[INFO]   perl-Locale-Maketext-Simple-1:0.21-483.el9.noarch
[INFO]   perl-MIME-Charset-1.012.2-15.el9.0.1.noarch
[INFO]   perl-MRO-Compat-0.13-15.el9.0.1.noarch
[INFO]   perl-Math-BigInt-1:1.9998.18-460.el9.noarch
[INFO]   perl-Math-BigInt-FastCalc-0.500.900-460.el9.x86_64
[INFO]   perl-Math-BigRat-0.2614-460.el9.noarch
[INFO]   perl-Math-Complex-1.59-483.el9.noarch
[INFO]   perl-Memoize-1.03-483.el9.noarch
[INFO]   perl-Module-Build-2:0.42.31-9.el9.noarch
[INFO]   perl-Module-CoreList-1:5.20240609-1.el9.noarch
[INFO]   perl-Module-CoreList-tools-1:5.20240609-1.el9.noarch
[INFO]   perl-Module-Load-1:0.36-4.el9.noarch
[INFO]   perl-Module-Load-Conditional-0.74-4.el9.0.1.noarch
[INFO]   perl-Module-Loaded-1:0.08-483.el9.noarch
[INFO]   perl-Module-Metadata-1.000037-460.el9.noarch
[INFO]   perl-Module-Signature-0.88-1.el9.0.1.noarch
[INFO]   perl-NEXT-0.67-483.el9.noarch
[INFO]   perl-Net-1.02-483.el9.noarch
[INFO]   perl-Net-Ping-2.74-5.el9.0.1.noarch
[INFO]   perl-ODBM_File-1.16-483.el9.x86_64
[INFO]   perl-Object-HashBase-0.009-7.el9.noarch
[INFO]   perl-Opcode-1.48-483.el9.x86_64
[INFO]   perl-Package-Generator-1.106-23.el9.noarch
[INFO]   perl-Params-Check-1:0.38-461.el9.0.1.noarch
[INFO]   perl-Params-Util-1.102-5.el9.x86_64
[INFO]   perl-Perl-OSType-1.010-461.el9.0.1.noarch
[INFO]   perl-PerlIO-via-QuotedPrint-0.09-4.el9.noarch
[INFO]   perl-Pod-Checker-4:1.74-4.el9.noarch
[INFO]   perl-Pod-Functions-1.13-483.el9.noarch
[INFO]   perl-Pod-Html-1.25-483.el9.noarch
[INFO]   perl-Safe-2.41-483.el9.noarch
[INFO]   perl-Search-Dict-1.07-483.el9.noarch
[INFO]   perl-SelfLoader-1.26-483.el9.noarch
[INFO]   perl-Software-License-0.103014-12.el9.0.1.noarch
[INFO]   perl-Sub-Exporter-0.987-27.el9.0.1.noarch
[INFO]   perl-Sub-Install-0.928-28.el9.0.1.noarch
[INFO]   perl-Sys-Hostname-1.23-483.el9.x86_64
[INFO]   perl-Sys-Syslog-0.36-461.el9.x86_64
[INFO]   perl-Term-Complete-1.403-483.el9.noarch
[INFO]   perl-Term-ReadLine-1.17-483.el9.noarch
[INFO]   perl-Term-Size-Any-0.002-35.el9.0.1.noarch
[INFO]   perl-Term-Size-Perl-0.031-12.el9.x86_64
[INFO]   perl-Term-Table-0.015-8.el9.0.1.noarch
[INFO]   perl-Test-1.31-483.el9.noarch
[INFO]   perl-Test-Harness-1:3.42-461.el9.noarch
[INFO]   perl-Test-Simple-3:1.302183-4.el9.noarch
[INFO]   perl-Text-Abbrev-1.02-483.el9.noarch
[INFO]   perl-Text-Balanced-2.04-4.el9.noarch
[INFO]   perl-Text-Diff-1.45-13.el9.noarch
[INFO]   perl-Text-Glob-0.11-15.el9.noarch
[INFO]   perl-Text-Template-1.59-5.el9.0.1.noarch
[INFO]   perl-Thread-3.05-483.el9.noarch
[INFO]   perl-Thread-Queue-3.14-460.el9.0.1.noarch
[INFO]   perl-Thread-Semaphore-2.13-483.el9.noarch
[INFO]   perl-Tie-4.6-483.el9.noarch
[INFO]   perl-Tie-File-1.06-483.el9.noarch
[INFO]   perl-Tie-Memoize-1.1-483.el9.noarch
[INFO]   perl-Tie-RefHash-1.40-4.el9.0.1.noarch
[INFO]   perl-Time-1.03-483.el9.noarch
[INFO]   perl-Time-HiRes-4:1.9764-462.el9.x86_64
[INFO]   perl-Time-Piece-1.3401-483.el9.x86_64
[INFO]   perl-Unicode-Collate-1.29-4.el9.x86_64
[INFO]   perl-Unicode-LineBreak-2019.001-11.el9.x86_64
[INFO]   perl-Unicode-Normalize-1.27-461.el9.x86_64
[INFO]   perl-Unicode-UCD-0.75-483.el9.noarch
[INFO]   perl-User-pwent-1.03-483.el9.noarch
[INFO]   perl-autodie-2.34-4.el9.0.1.noarch
[INFO]   perl-autouse-1.11-483.el9.noarch
[INFO]   perl-bignum-0.51-460.el9.noarch
[INFO]   perl-blib-1.07-483.el9.noarch
[INFO]   perl-debugger-1.56-483.el9.noarch
[INFO]   perl-deprecate-0.04-483.el9.noarch
[INFO]   perl-devel-4:5.32.1-483.el9.x86_64
[INFO]   perl-diagnostics-1.37-483.el9.noarch
[INFO]   perl-doc-5.32.1-483.el9.noarch
[INFO]   perl-encoding-4:3.00-462.el9.x86_64
[INFO]   perl-encoding-warnings-0.13-483.el9.noarch
[INFO]   perl-experimental-0.022-6.el9.noarch
[INFO]   perl-fields-2.27-483.el9.noarch
[INFO]   perl-filetest-1.03-483.el9.noarch
[INFO]   perl-inc-latest-2:0.500-20.el9.noarch
[INFO]   perl-less-0.03-483.el9.noarch
[INFO]   perl-libnetcfg-4:5.32.1-483.el9.noarch
[INFO]   perl-local-lib-2.000024-13.el9.noarch
[INFO]   perl-locale-1.09-483.el9.noarch
[INFO]   perl-macros-4:5.32.1-483.el9.noarch
[INFO]   perl-meta-notation-5.32.1-483.el9.noarch
[INFO]   perl-open-1.12-483.el9.noarch
[INFO]   perl-perlfaq-5.20210520-1.el9.noarch
[INFO]   perl-ph-5.32.1-483.el9.x86_64
[INFO]   perl-sigtrap-1.09-483.el9.noarch
[INFO]   perl-sort-2.04-483.el9.noarch
[INFO]   perl-srpm-macros-1-41.el9.noarch
[INFO]   perl-threads-1:2.25-460.el9.x86_64
[INFO]   perl-threads-shared-1.61-460.el9.0.1.x86_64
[INFO]   perl-utils-5.32.1-483.el9.noarch
[INFO]   perl-version-7:0.99.28-4.el9.x86_64
[INFO]   perl-vmsish-1.04-483.el9.noarch
[INFO]   pkgconf-1.7.3-10.el9.x86_64
[INFO]   pkgconf-m4-1.7.3-10.el9.noarch
[INFO]   pkgconf-pkg-config-1.7.3-10.el9.x86_64
[INFO]   pyproject-srpm-macros-1.18.5-1.el9.noarch
[INFO]   python-srpm-macros-3.9-54.el9.noarch
[INFO]   python3-pyparsing-2.4.7-9.el9.0.1.noarch
[INFO]   qt5-srpm-macros-5.15.9-1.el9.noarch
[INFO]   redhat-rpm-config-210-1.el9.noarch
[INFO]   rust-srpm-macros-17-4.el9.noarch
[INFO]   sombok-2.4.0-16.el9.x86_64
[INFO]   systemtap-sdt-devel-5.4-4.el9.x86_64
[INFO]   systemtap-sdt-dtrace-5.4-4.el9.x86_64
[INFO]   unzip-6.0-60.el9_8.x86_64
[INFO]   wget-1.21.1-11.el9_8.x86_64
[INFO]   zip-3.0-35.el9.x86_64
[INFO]
[INFO] Complete!
[INFO] Pré-requisitos do SO instalados.
[INFO] Configurando PostgreSQL 16 local...
[INFO] Executando: dnf install -y https://download.postgresql.org/pub/repos/yum/reporpms/EL-9-x86_64/pgdg-redhat-repo-latest.noarch.rpm
[INFO] Last metadata expiration check: 0:42:04 ago on Sat 12 Sep 2026 10:27:42 PM UTC.
[INFO] pgdg-redhat-repo-latest.noarch.rpm               41 kB/s |  13 kB     00:00
[INFO] Dependencies resolved.
[INFO] ================================================================================
[INFO]  Package              Arch       Version                 Repository        Size
[INFO] ================================================================================
[INFO] Installing:
[INFO]  pgdg-redhat-repo     noarch     42.0-66.rhel9PGDG       @commandline      13 k
[INFO]
[INFO] Transaction Summary
[INFO] ================================================================================
[INFO] Install  1 Package
[INFO]
[INFO] Total size: 13 k
[INFO] Installed size: 16 k
[INFO] Downloading Packages:
[INFO] Running transaction check
[INFO] Transaction check succeeded.
[INFO] Running transaction test
[INFO] Transaction test succeeded.
[INFO] Running transaction
[INFO]   Preparing        :                                                        1/1
[INFO]   Installing       : pgdg-redhat-repo-42.0-66.rhel9PGDG.noarch              1/1
[INFO]   Verifying        : pgdg-redhat-repo-42.0-66.rhel9PGDG.noarch              1/1
[INFO]
[INFO] Installed:
[INFO]   pgdg-redhat-repo-42.0-66.rhel9PGDG.noarch
[INFO]
[INFO] Complete!
[INFO] Executando: dnf -qy module disable postgresql
[INFO] Executando: dnf install -y postgresql16-server
[INFO] Last metadata expiration check: 0:00:02 ago on Sat 12 Sep 2026 11:10:00 PM UTC.
[INFO] Dependencies resolved.
[INFO] ================================================================================
[INFO]  Package                 Arch       Version                    Repository  Size
[INFO] ================================================================================
[INFO] Installing:
[INFO]  postgresql16-server     x86_64     16.15-1PGDG.rhel9.8        pgdg16     6.9 M
[INFO] Installing dependencies:
[INFO]  libicu                  x86_64     67.1-10.el9_6              baseos     9.6 M
[INFO]  postgresql16            x86_64     16.15-1PGDG.rhel9.8        pgdg16     1.8 M
[INFO]  postgresql16-libs       x86_64     16.15-1PGDG.rhel9.8        pgdg16     339 k
[INFO]
[INFO] Transaction Summary
[INFO] ================================================================================
[INFO] Install  4 Packages
[INFO]
[INFO] Total download size: 19 M
[INFO] Installed size: 73 M
[INFO] Downloading Packages:
[INFO] (1/4): postgresql16-libs-16.15-1PGDG.rhel9.8.x8 684 kB/s | 339 kB     00:00
[INFO] (2/4): postgresql16-16.15-1PGDG.rhel9.8.x86_64. 2.3 MB/s | 1.8 MB     00:00
[INFO] (3/4): postgresql16-server-16.15-1PGDG.rhel9.8. 5.9 MB/s | 6.9 MB     00:01
[INFO] (4/4): libicu-67.1-10.el9_6.x86_64.rpm          6.1 MB/s | 9.6 MB     00:01
[INFO] --------------------------------------------------------------------------------
[INFO] Total                                           6.8 MB/s |  19 MB     00:02
[INFO] PostgreSQL 16 for RHEL / Rocky Linux / AlmaLinu 2.4 MB/s | 2.4 kB     00:00
[INFO] Key imported successfully
[INFO] Running transaction check
[INFO] Transaction check succeeded.
[INFO] Running transaction test
[INFO] Transaction test succeeded.
[INFO] Running transaction
[INFO]   Preparing        :                                                        1/1
[INFO]   Installing       : libicu-67.1-10.el9_6.x86_64                            1/4
[INFO]   Installing       : postgresql16-libs-16.15-1PGDG.rhel9.8.x86_64           2/4
[INFO]   Running scriptlet: postgresql16-libs-16.15-1PGDG.rhel9.8.x86_64           2/4
[INFO]   Installing       : postgresql16-16.15-1PGDG.rhel9.8.x86_64                3/4
[INFO]   Running scriptlet: postgresql16-16.15-1PGDG.rhel9.8.x86_64                3/4
[INFO]   Running scriptlet: postgresql16-server-16.15-1PGDG.rhel9.8.x86_64         4/4
[INFO]   Installing       : postgresql16-server-16.15-1PGDG.rhel9.8.x86_64         4/4
[INFO]   Running scriptlet: postgresql16-server-16.15-1PGDG.rhel9.8.x86_64         4/4
[INFO]   Verifying        : postgresql16-16.15-1PGDG.rhel9.8.x86_64                1/4
[INFO]   Verifying        : postgresql16-libs-16.15-1PGDG.rhel9.8.x86_64           2/4
[INFO]   Verifying        : postgresql16-server-16.15-1PGDG.rhel9.8.x86_64         3/4
[INFO]   Verifying        : libicu-67.1-10.el9_6.x86_64                            4/4
[INFO]
[INFO] Installed:
[INFO]   libicu-67.1-10.el9_6.x86_64
[INFO]   postgresql16-16.15-1PGDG.rhel9.8.x86_64
[INFO]   postgresql16-libs-16.15-1PGDG.rhel9.8.x86_64
[INFO]   postgresql16-server-16.15-1PGDG.rhel9.8.x86_64
[INFO]
[INFO] Complete!
[INFO] Executando: /usr/pgsql-16/bin/postgresql-16-setup initdb
[INFO] Initializing database ... OK
[INFO]
[INFO] Executando: systemctl enable --now postgresql-16
[INFO] Executando: <comando com dados sensíveis omitido>
[INFO] Executando: runuser -u postgres -- psql -v ON_ERROR_STOP=1 -q
[INFO] Executando: runuser -u postgres -- psql -v ON_ERROR_STOP=1 -q
[INFO] PostgreSQL 16 provisionado e preparado.
[INFO] Verificando integridade SHA-256 dos pacotes em '/var/tmp/ksc_packages'...
[INFO] Integridade validada com sucesso: 3 pacotes certificados.
[INFO] Pacotes a instalar: ['ksc64-16.3.0-1207.x86_64.rpm', 'klnagent64-16.3.0-1207.x86_64.rpm', 'ksc-web-console-16.3.12907.x86_64.rpm']
[INFO] Executando: dnf install -y /var/tmp/ksc_packages/pt-BR/ksc64-16.3.0-1207.x86_64.rpm /var/tmp/ksc_packages/pt-BR/klnagent64-16.3.0-1207.x86_64.rpm /var/tmp/ksc_packages/pt-BR/ksc-web-console-16.3.12907.x86_64.rpm
[INFO] Last metadata expiration check: 0:00:07 ago on Sat 12 Sep 2026 11:10:00 PM UTC.
[INFO] Dependencies resolved.
[INFO] ================================================================================
[INFO]  Package               Architecture Version            Repository          Size
[INFO] ================================================================================
[INFO] Installing:
[INFO]  klnagent64            x86_64       16.3.0-1207        @commandline        93 M
[INFO]  ksc-web-console       x86_64       16.3.12907-1       @commandline       152 M
[INFO]  ksc64                 x86_64       16.3.0-1207        @commandline       171 M
[INFO]
[INFO] Transaction Summary
[INFO] ================================================================================
[INFO] Install  3 Packages
[INFO]
[INFO] Total size: 416 M
[INFO] Installed size: 1.2 G
[INFO] Downloading Packages:
[INFO] Running transaction check
[INFO] Transaction check succeeded.
[INFO] Running transaction test
[INFO] Transaction test succeeded.
[INFO] Running transaction
[INFO]   Preparing        :                                                        1/1
[INFO]   Running scriptlet: ksc-web-console-16.3.12907-1.x86_64                    1/3
[INFO] Pre-install script started
[INFO] Remove tmp web-console folder
[INFO] Pre-install script finished successfully
[INFO]
[INFO]   Installing       : ksc-web-console-16.3.12907-1.x86_64                    1/3
[INFO]   Running scriptlet: ksc-web-console-16.3.12907-1.x86_64                    1/3
[INFO] Post-install script started
[INFO] Failed to read json file with config (file is not found, corrupted or in incorrect JSON format)
[INFO] Post-install script finished successfully
[INFO]
[INFO]   Running scriptlet: klnagent64-16.3.0-1207.x86_64                          2/3
[INFO]   Installing       : klnagent64-16.3.0-1207.x86_64                          2/3
[INFO]   Running scriptlet: klnagent64-16.3.0-1207.x86_64                          2/3
[INFO] Kaspersky Network Agent has been installed successfully but
[INFO] needs to be properly configured before using.
[INFO] Please run
[INFO] [1m/opt/kaspersky/klnagent64/lib/bin/setup/postinstall.pl[22m
[INFO] script by yourself to configure installed software.
[INFO]
[INFO]   Running scriptlet: ksc64-16.3.0-1207.x86_64                               3/3
[INFO] Pre install section: 16.3.0-1207
[INFO] Stopping kliam_srv...
[INFO] Stopping klactprx_srv...
[INFO] Stopping klnagent_srv...
[INFO] Stopping kladminserver_srv...
[INFO]
[INFO]   Installing       : ksc64-16.3.0-1207.x86_64                               3/3
[INFO]   Running scriptlet: ksc64-16.3.0-1207.x86_64                               3/3
[INFO] Post install section: 16.3.0-1207
[INFO] Kaspersky Security Center has been installed successfully but needs to be
[INFO] properly configured before using.
[INFO] Please run /opt/kaspersky/ksc64/lib/bin/setup/postinstall.pl script by
[INFO] yourself to configure installed software.
[INFO]
[INFO]   Verifying        : ksc64-16.3.0-1207.x86_64                               1/3
[INFO]   Verifying        : klnagent64-16.3.0-1207.x86_64                          2/3
[INFO]   Verifying        : ksc-web-console-16.3.12907-1.x86_64                    3/3
[INFO]
[INFO] Installed:
[INFO]   klnagent64-16.3.0-1207.x86_64       ksc-web-console-16.3.12907-1.x86_64
[INFO]   ksc64-16.3.0-1207.x86_64
[INFO]
[INFO] Complete!
[INFO] Executando: groupadd --system kladmins
[INFO] Executando: useradd --system --gid kladmins --home-dir /var/opt/kaspersky --no-create-home --shell /sbin/nologin ksc
[INFO] Arquivo de respostas gerado em /tmp/ksc_answers_zdokxi_8.txt (modo 0600).
[INFO] Executando: env KLAUTOANSWERS=/tmp/ksc_answers_zdokxi_8.txt perl /opt/kaspersky/ksc64/lib/bin/setup/postinstall.pl
[INFO] Traces off
[INFO] Execute automatic installation
[INFO] Add service klnagent_srv...
[INFO] Add service kladminserver_srv...
[INFO] Add service klactprx_srv...
[INFO] Add service klwebsrv_srv...
[INFO] Add service kliam_srv...
[INFO] Add service klcssnmp_srv...
[INFO] Starting kladminserver_srv...
[INFO] Starting klnagent_srv...
[INFO] Starting klactprx_srv...
[INFO] Starting klwebsrv_srv...
[INFO] Starting kliam_srv...
[INFO] Starting klcssnmp_srv...
[INFO]
[INFO] Kaspersky Security Center is installed.
[INFO] Binaries were installed in /opt/kaspersky/ksc64/sbin
[INFO] Arquivo de respostas temporário removido.
[INFO] Nota sobre LD_LIBRARY_PATH: O KSC no Linux muitas vezes exige bibliotecas. A recomendação DEVSECOPS é usar Environment=LD_LIBRARY_PATH=... no arquivo de serviço systemd, nunca em /etc/profile ou /etc/environment, para evitar vazamento global.
[INFO] Aplicando hardening pós-instalação...
[INFO] Executando: chgrp -R kladmins /opt/kaspersky
[INFO] Executando: chmod -R g+rX,o-rwx /opt/kaspersky
[INFO] Executando: chmod -R o-rwx /var/opt/kaspersky
[INFO] Executando: chgrp kladmins /var/opt/kaspersky
[INFO] Executando: chmod g+rx /var/opt/kaspersky
[INFO] Drop-in systemd gravado em /etc/systemd/system/kladminserver_srv.service.d/10-ld-library-path.conf.
[INFO] Executando: restorecon -Rv /opt/kaspersky
[INFO] Executando: restorecon -Rv /var/opt/kaspersky
[INFO] Relabeled /var/opt/kaspersky/klnagent_srv/bases/crls/tmp from system_u:object_r:tmp_t:s0 to system_u:object_r:var_t:s0
[INFO] Relabeled /var/opt/kaspersky/klnagent_srv/bases/crls/c7e6bd7fe0e4965892ad706f0d2f42e88789b8041daf5b3eea9ca41785297798 from system_u:object_r:tmp_t:s0 to system_u:object_r:var_t:s0
[INFO] Executando: systemctl daemon-reload
[INFO] Executando: systemctl reset-failed kladminserver_srv.service
[INFO] Executando: systemctl enable --now kladminserver_srv.service
[INFO] Executando: systemctl reset-failed klnagent_srv.service
[INFO] Executando: systemctl enable --now klnagent_srv.service
[INFO] Executando: systemctl reset-failed kliam_srv.service
[INFO] Executando: systemctl enable --now kliam_srv.service
[INFO] Executando: systemctl reset-failed klwebsrv_srv.service
[INFO] Executando: systemctl enable --now klwebsrv_srv.service
[INFO] Hardening pós-instalação concluído; serviços do KSC ativos.
[INFO] Restaurando SELinux para o modo enforcing (Segurança por Padrão).
[INFO] SELinux alterado para modo: 1
[INFO] {"event": "setup_apply_success", "timestamp": "2026-09-12T23:10:58.241706Z"}
Instalação concluída com sucesso.
exit=0
